Component: Arm Compiler for Embedded 6.22 Tool: armlink [5ee90200]

==============================================================================

Section Cross References

    delay.o(.ARM.exidx.text.Delay_us) refers to delay.o(.text.Delay_us) for [Anonymous Symbol]
    delay.o(.text.Delay_ms) refers to delay.o(.text.Delay_us) for Delay_us
    delay.o(.ARM.exidx.text.Delay_ms) refers to delay.o(.text.Delay_ms) for [Anonymous Symbol]
    delay.o(.text.Delay_s) refers to delay.o(.text.Delay_ms) for Delay_ms
    delay.o(.ARM.exidx.text.Delay_s) refers to delay.o(.text.Delay_s) for [Anonymous Symbol]
    serial.o(.text.Serial_Init) refers to stm32f10x_rcc.o(.text.RCC_APB2PeriphClockCmd) for RCC_APB2PeriphClockCmd
    serial.o(.text.Serial_Init) refers to stm32f10x_gpio.o(.text.GPIO_Init) for GPIO_Init
    serial.o(.text.Serial_Init) refers to stm32f10x_usart.o(.text.USART_Init) for USART_Init
    serial.o(.text.Serial_Init) refers to stm32f10x_usart.o(.text.USART_ITConfig) for USART_ITConfig
    serial.o(.text.Serial_Init) refers to misc.o(.text.NVIC_PriorityGroupConfig) for NVIC_PriorityGroupConfig
    serial.o(.text.Serial_Init) refers to misc.o(.text.NVIC_Init) for NVIC_Init
    serial.o(.text.Serial_Init) refers to stm32f10x_usart.o(.text.USART_Cmd) for USART_Cmd
    serial.o(.ARM.exidx.text.Serial_Init) refers to serial.o(.text.Serial_Init) for [Anonymous Symbol]
    serial.o(.text.Serial_SendByte) refers to stm32f10x_usart.o(.text.USART_SendData) for USART_SendData
    serial.o(.text.Serial_SendByte) refers to stm32f10x_usart.o(.text.USART_GetFlagStatus) for USART_GetFlagStatus
    serial.o(.ARM.exidx.text.Serial_SendByte) refers to serial.o(.text.Serial_SendByte) for [Anonymous Symbol]
    serial.o(.text.Serial_SendArray) refers to serial.o(.text.Serial_SendByte) for Serial_SendByte
    serial.o(.ARM.exidx.text.Serial_SendArray) refers to serial.o(.text.Serial_SendArray) for [Anonymous Symbol]
    serial.o(.text.Serial_SendString) refers to serial.o(.text.Serial_SendByte) for Serial_SendByte
    serial.o(.ARM.exidx.text.Serial_SendString) refers to serial.o(.text.Serial_SendString) for [Anonymous Symbol]
    serial.o(.ARM.exidx.text.Serial_Pow) refers to serial.o(.text.Serial_Pow) for [Anonymous Symbol]
    serial.o(.text.Serial_SendNumber) refers to serial.o(.text.Serial_Pow) for Serial_Pow
    serial.o(.text.Serial_SendNumber) refers to serial.o(.text.Serial_SendByte) for Serial_SendByte
    serial.o(.ARM.exidx.text.Serial_SendNumber) refers to serial.o(.text.Serial_SendNumber) for [Anonymous Symbol]
    serial.o(.text.fputc) refers to serial.o(.text.Serial_SendByte) for Serial_SendByte
    serial.o(.ARM.exidx.text.fputc) refers to serial.o(.text.fputc) for [Anonymous Symbol]
    serial.o(.text.Serial_Printf) refers to vsprintf.o(.text) for vsprintf
    serial.o(.text.Serial_Printf) refers to serial.o(.text.Serial_SendString) for Serial_SendString
    serial.o(.ARM.exidx.text.Serial_Printf) refers to serial.o(.text.Serial_Printf) for [Anonymous Symbol]
    serial.o(.text.Serial_GetRxFlag) refers to serial.o(.bss.Serial_RxFlag) for Serial_RxFlag
    serial.o(.ARM.exidx.text.Serial_GetRxFlag) refers to serial.o(.text.Serial_GetRxFlag) for [Anonymous Symbol]
    serial.o(.text.Serial_GetRxData) refers to serial.o(.bss.Serial_RxData) for Serial_RxData
    serial.o(.ARM.exidx.text.Serial_GetRxData) refers to serial.o(.text.Serial_GetRxData) for [Anonymous Symbol]
    serial.o(.text.USART1_IRQHandler) refers to stm32f10x_usart.o(.text.USART_GetITStatus) for USART_GetITStatus
    serial.o(.text.USART1_IRQHandler) refers to stm32f10x_usart.o(.text.USART_ReceiveData) for USART_ReceiveData
    serial.o(.text.USART1_IRQHandler) refers to serial.o(.bss.Serial_RxData) for Serial_RxData
    serial.o(.text.USART1_IRQHandler) refers to esp8266.o(.bss.i) for i
    serial.o(.text.USART1_IRQHandler) refers to esp8266.o(.bss.RxData) for RxData
    serial.o(.text.USART1_IRQHandler) refers to esp8266.o(.text.command) for command
    serial.o(.ARM.exidx.text.USART1_IRQHandler) refers to serial.o(.text.USART1_IRQHandler) for [Anonymous Symbol]
    key.o(.text.Key_Init) refers to stm32f10x_rcc.o(.text.RCC_APB2PeriphClockCmd) for RCC_APB2PeriphClockCmd
    key.o(.text.Key_Init) refers to stm32f10x_gpio.o(.text.GPIO_Init) for GPIO_Init
    key.o(.ARM.exidx.text.Key_Init) refers to key.o(.text.Key_Init) for [Anonymous Symbol]
    key.o(.text.Key_Sign) refers to key.o(.bss.sign) for sign
    key.o(.text.Key_Sign) refers to stm32f10x_gpio.o(.text.GPIO_ReadInputDataBit) for GPIO_ReadInputDataBit
    key.o(.text.Key_Sign) refers to delay.o(.text.Delay_ms) for Delay_ms
    key.o(.ARM.exidx.text.Key_Sign) refers to key.o(.text.Key_Sign) for [Anonymous Symbol]
    led.o(.text.LED_Init) refers to stm32f10x_rcc.o(.text.RCC_APB2PeriphClockCmd) for RCC_APB2PeriphClockCmd
    led.o(.text.LED_Init) refers to stm32f10x_gpio.o(.text.GPIO_Init) for GPIO_Init
[...]
    [Anonymous Symbol]                       0x0800210c   Section        0  oled.o(.text.OLED_Pow)
    [Anonymous Symbol]                       0x08002134   Section        0  oled.o(.text.OLED_SetCursor)
    [Anonymous Symbol]                       0x08002168   Section        0  oled.o(.text.OLED_ShowChar)
    [Anonymous Symbol]                       0x080021ec   Section        0  oled.o(.text.OLED_ShowChinese)
    [Anonymous Symbol]                       0x080022f0   Section        0  oled.o(.text.OLED_ShowFloatNum)
    [Anonymous Symbol]                       0x08002498   Section        0  oled.o(.text.OLED_ShowImage)
    [Anonymous Symbol]                       0x0800265c   Section        0  oled.o(.text.OLED_ShowNum)
    [Anonymous Symbol]                       0x080026f8   Section        0  oled.o(.text.OLED_ShowString)
    [Anonymous Symbol]                       0x08002750   Section        0  oled.o(.text.OLED_Update)
    [Anonymous Symbol]                       0x08002798   Section        0  oled.o(.text.OLED_W_SCL)
    [Anonymous Symbol]                       0x080027b8   Section        0  oled.o(.text.OLED_W_SDA)
    [Anonymous Symbol]                       0x080027d8   Section        0  oled.o(.text.OLED_WriteCommand)
    [Anonymous Symbol]                       0x08002800   Section        0  oled.o(.text.OLED_WriteData)
    [Anonymous Symbol]                       0x08002854   Section        0  stm32f10x_rcc.o(.text.RCC_APB2PeriphClockCmd)
    [Anonymous Symbol]                       0x0800288c   Section        0  stm32f10x_rcc.o(.text.RCC_GetClocksFreq)
    [Anonymous Symbol]                       0x08002a00   Section        0  serial.o(.text.Serial_Init)
    [Anonymous Symbol]                       0x08002ac4   Section        0  serial.o(.text.Serial_Printf)
    [Anonymous Symbol]                       0x08002af4   Section        0  serial.o(.text.Serial_SendByte)
    [Anonymous Symbol]                       0x08002b28   Section        0  serial.o(.text.Serial_SendString)
    SetSysClock                              0x08002b61   Thumb Code     8  system_stm32f10x.o(.text.SetSysClock)
    [Anonymous Symbol]                       0x08002b60   Section        0  system_stm32f10x.o(.text.SetSysClock)
    SetSysClockTo72                          0x08002b69   Thumb Code   290  system_stm32f10x.o(.text.SetSysClockTo72)
    [Anonymous Symbol]                       0x08002b68   Section        0  system_stm32f10x.o(.text.SetSysClockTo72)
    [Anonymous Symbol]                       0x08002c8c   Section        0  system_stm32f10x.o(.text.SystemInit)
    [Anonymous Symbol]                       0x08002cf4   Section        0  serial.o(.text.USART1_IRQHandler)
    [Anonymous Symbol]                       0x08002d88   Section        0  stm32f10x_usart.o(.text.USART_Cmd)
    [Anonymous Symbol]                       0x08002db4   Section        0  stm32f10x_usart.o(.text.USART_GetFlagStatus)
    [Anonymous Symbol]                       0x08002df8   Section        0  stm32f10x_usart.o(.text.USART_GetITStatus)
    [Anonymous Symbol]                       0x08002ea8   Section        0  stm32f10x_usart.o(.text.USART_ITConfig)
    [Anonymous Symbol]                       0x08002f3c   Section        0  stm32f10x_usart.o(.text.USART_Init)
    [Anonymous Symbol]                       0x08003098   Section        0  stm32f10x_usart.o(.text.USART_ReceiveData)
    [Anonymous Symbol]                       0x080030a8   Section        0  stm32f10x_usart.o(.text.USART_SendData)
    [Anonymous Symbol]                       0x080030c0   Section        0  esp8266.o(.text.command)
    [Anonymous Symbol]                       0x08003164   Section        0  main.o(.text.main)
    CL$$btod_d2e                             0x08003324   Section       62  btod.o(CL$$btod_d2e)
    CL$$btod_d2e_denorm_low                  0x08003362   Section       70  btod.o(CL$$btod_d2e_denorm_low)
    CL$$btod_d2e_norm_op1                    0x080033a8   Section       96  btod.o(CL$$btod_d2e_norm_op1)
    CL$$btod_div_common                      0x08003408   Section      824  btod.o(CL$$btod_div_common)
    CL$$btod_e2e                             0x08003740   Section      220  btod.o(CL$$btod_e2e)
    CL$$btod_ediv                            0x0800381c   Section       42  btod.o(CL$$btod_ediv)
    CL$$btod_emul                            0x08003846   Section       42  btod.o(CL$$btod_emul)
    CL$$btod_mult_common                     0x08003870   Section      580  btod.o(CL$$btod_mult_common)
    i.__ARM_fpclassify                       0x08003ab4   Section        0  fpclassify.o(i.__ARM_fpclassify)
    i._is_digit                              0x08003adc   Section        0  __printf_wp.o(i._is_digit)
    i.round                                  0x08003aec   Section        0  round.o(i.round)
    locale$$code                             0x08003b80   Section       44  lc_numeric_c.o(locale$$code)
    locale$$code                             0x08003bac   Section       44  lc_ctype_c.o(locale$$code)
    x$fpl$d2f                                0x08003bd8   Section       98  d2f.o(x$fpl$d2f)
    x$fpl$dadd                               0x08003c3c   Section      336  daddsub_clz.o(x$fpl$dadd)
    _dadd1                                   0x08003c4d   Thumb Code     0  daddsub_clz.o(x$fpl$dadd)
    x$fpl$dcmpinf                            0x08003d8c   Section       24  dcmpi.o(x$fpl$dcmpinf)
    x$fpl$ddiv                               0x08003da4   Section      696  ddiv.o(x$fpl$ddiv)
    ddiv_entry                               0x08003dab   Thumb Code     0  ddiv.o(x$fpl$ddiv)
    x$fpl$deqf                               0x0800405c   Section      120  deqf.o(x$fpl$deqf)
    x$fpl$dfixu                              0x080040d4   Section       90  dfixu.o(x$fpl$dfixu)
    x$fpl$dflt                               0x0800412e   Section       46  dflt_clz.o(x$fpl$dflt)
    x$fpl$dfltu                              0x0800415c   Section       38  dflt_clz.o(x$fpl$dfltu)
    x$fpl$dgeqf                              0x08004184   Section      120  dgeqf.o(x$fpl$dgeqf)
    x$fpl$dleqf                              0x080041fc   Section      120  dleqf.o(x$fpl$dleqf)
    x$fpl$dmul                               0x08004274   Section      340  dmul.o(x$fpl$dmul)
    x$fpl$dnaninf                            0x080043c8   Section      156  dnaninf.o(x$fpl$dnaninf)
    x$fpl$dretinf                            0x08004464   Section       12  dretinf.o(x$fpl$dretinf)
    x$fpl$drleqf                             0x08004470   Section      108  drleqf.o(x$fpl$drleqf)
    x$fpl$drnd                               0x080044dc   Section      180  drnd.o(x$fpl$drnd)
    x$fpl$drsb                               0x08004590   Section       22  daddsub_clz.o(x$fpl$drsb)
    x$fpl$dsub                               0x080045a8   Section      476  daddsub_clz.o(x$fpl$dsub)
    _dsub1                                   0x080045b9   Thumb Code     0  daddsub_clz.o(x$fpl$dsub)
    x$fpl$f2d                                0x08004784   Section       86  f2d.o(x$fpl$f2d)
    x$fpl$fcmp                               0x080047da   Section       84  dcmp.o(x$fpl$fcmp)
    x$fpl$fnaninf                            0x0800482e   Section      140  fnaninf.o(x$fpl$fnaninf)
    x$fpl$fretinf                            0x080048ba   Section       10  fretinf.o(x$fpl$fretinf)
    x$fpl$printf1                            0x080048c4   Section        4  printf1.o(x$fpl$printf1)
    x$fpl$printf2                            0x080048c8   Section        4  printf2.o(x$fpl$printf2)
    initial_mbstate                          0x080048cc   Data           8  _printf_wctomb.o(.constdata)
    .constdata                               0x080048cc   Section        8  _printf_wctomb.o(.constdata)
    x$fpl$usenofp                            0x080048cc   Section        0  usenofp.o(x$fpl$usenofp)
    uc_hextab                                0x080048d4   Data          20  _printf_hex_int_ll_ptr.o(.constdata)
    .constdata                               0x080048d4   Section       40  _printf_hex_int_ll_ptr.o(.constdata)
    lc_hextab                                0x080048e8   Data          20  _printf_hex_int_ll_ptr.o(.constdata)
    maptable                                 0x080048fc   Data          17  __printf_flags_ss_wp.o(.constdata)
    .constdata                               0x080048fc   Section       17  __printf_flags_ss_wp.o(.constdata)
    lc_hextab                                0x0800490d   Data          19  _printf_fp_hex.o(.constdata)
    .constdata                               0x0800490d   Section       38  _printf_fp_hex.o(.constdata)
    uc_hextab                                0x08004920   Data          19  _printf_fp_hex.o(.constdata)
    tenpwrs_x                                0x08004934   Data          60  bigflt0.o(.constdata)
    .constdata                               0x08004934   Section      148  bigflt0.o(.constdata)
    tenpwrs_i                                0x08004970   Data          64  bigflt0.o(.constdata)
    ADCPrescTable                            0x080049c8   Data           4  stm32f10x_rcc.o(.rodata.ADCPrescTable)
    [Anonymous Symbol]                       0x080049c8   Section        0  stm32f10x_rcc.o(.rodata.ADCPrescTable)
    APBAHBPrescTable                         0x080049cc   Data          16  stm32f10x_rcc.o(.rodata.APBAHBPrescTable)
    [Anonymous Symbol]                       0x080049cc   Section        0  stm32f10x_rcc.o(.rodata.APBAHBPrescTable)
    .L.str.15                                0x080053b6   Data          45  esp8266.o(.rodata.str1.1)
    [Anonymous Symbol]                       0x080053b6   Section        0  esp8266.o(.rodata.str1.1)
    .L.str.13                                0x080053e3   Data          38  esp8266.o(.rodata.str1.1)
    .L.str.14                                0x08005409   Data          21  esp8266.o(.rodata.str1.1)
    .L.str.16                                0x0800541e   Data          25  esp8266.o(.rodata.str1.1)
    .L.str.20                                0x08005437   Data         119  esp8266.o(.rodata.str1.1)
    .L.str.18                                0x080054ae   Data          22  esp8266.o(.rodata.str1.1)
    .L.str.17                                0x080054c4   Data          28  esp8266.o(.rodata.str1.1)
    .L.str.12                                0x080054e0   Data          14  esp8266.o(.rodata.str1.1)
    .L.str.11                                0x080054ee   Data           9  esp8266.o(.rodata.str1.1)
    .L.str.21                                0x08005500   Data          14  esp8266.o(.rodata.str1.1)
    .L.str.19                                0x0800550e   Data           3  esp8266.o(.rodata.str1.1)
    .L.str.6                                 0x0800566a   Data           6  main.o(.rodata.str1.1)
    [Anonymous Symbol]                       0x0800566a   Section        0  main.o(.rodata.str1.1)
    .L.str.5                                 0x08005670   Data           5  main.o(.rodata.str1.1)
    .L.str                                   0x08005675   Data           8  main.o(.rodata.str1.1)
    .L.str.1                                 0x0800567d   Data           7  main.o(.rodata.str1.1)
    .L.str.4                                 0x08005684   Data          10  main.o(.rodata.str1.1)
    .L.str.2                                 0x0800568e   Data          10  main.o(.rodata.str1.1)
    .L.str.3                                 0x08005698   Data          10  main.o(.rodata.str1.1)
    .L.str                                   0x080056a1   Data           1  main.o(.rodata.str1.1)
    locale$$data                             0x080056c4   Section       28  lc_numeric_c.o(locale$$data)
    __lcnum_c_name                           0x080056c8   Data           2  lc_numeric_c.o(locale$$data)
    __lcnum_c_start                          0x080056d0   Data           0  lc_numeric_c.o(locale$$data)
    __lcnum_c_point                          0x080056dc   Data           0  lc_numeric_c.o(locale$$data)
    __lcnum_c_thousands                      0x080056de   Data           0  lc_numeric_c.o(locale$$data)
    __lcnum_c_grouping                       0x080056df   Data           0  lc_numeric_c.o(locale$$data)
    __lcnum_c_end                            0x080056e0   Data           0  lc_numeric_c.o(locale$$data)
    locale$$data                             0x080056e0   Section      272  lc_ctype_c.o(locale$$data)
    __lcctype_c_name                         0x080056e4   Data           2  lc_ctype_c.o(locale$$data)
    __lcctype_c_start                        0x080056ec   Data           0  lc_ctype_c.o(locale$$data)
    __lcctype_c_end                          0x080057f0   Data           0  lc_ctype_c.o(locale$$data)
    .bss                                     0x20000030   Section       96  libspace.o(.bss)
    Heap_Mem                                 0x20000578   Data         512  startup_stm32f10x_md.o(HEAP)
    HEAP                                     0x20000578   Section      512  startup_stm32f10x_md.o(HEAP)
    Stack_Mem                                0x20000778   Data        1024  startup_stm32f10x_md.o(STACK)
    STACK                                    0x20000778   Section     1024  startup_stm32f10x_md.o(STACK)
    __initial_sp                             0x20000b78   Data           0  startup_stm32f10x_md.o(STACK)

    Global Symbols

    Symbol Name                              Value     Ov Type        Size  Object(Section)

    BuildAttributes$$THM_ISAv4$P$D$K$B$S$PE$A:L22UL41UL21$X:L11$S22US41US21$IEEE1$IW$~IW$USESV6$~STKCKD$USESV7$~SHL$OTIME$ROPI$IEEEX$EBA8$UX$STANDARDLIB$REQ8$PRES8$EABIv2 0x00000000   Number         0  anon$$obj.o ABSOLUTE
    __fp_init_empty                          0x00000000   Number         0  fpinit_empty.o ABSOLUTE
    _printf_flags                            0x00000000   Number         0  printf_stubs.o ABSOLUTE
    _printf_return_value                     0x00000000   Number         0  printf_stubs.o ABSOLUTE
    _printf_sizespec                         0x00000000   Number         0  printf_stubs.o ABSOLUTE
    _printf_widthprec                        0x00000000   Number         0  printf_stubs.o ABSOLUTE
    __ARM_exceptions_init                     - Undefined Weak Reference
    __alloca_initialize                       - Undefined Weak Reference
    __arm_preinit_                            - Undefined Weak Reference
    __arm_relocate_pie_                       - Undefined Weak Reference
    __cpp_initialize__aeabi_                  - Undefined Weak Reference
    __cxa_finalize                            - Undefined Weak Reference
    __sigvec_lookup                           - Undefined Weak Reference
    _atexit_init                              - Undefined Weak Reference
    _call_atexit_fns                          - Undefined Weak Reference
    _clock_init                               - Undefined Weak Reference
    _fp_trap_init                             - Undefined Weak Reference
    _fp_trap_shutdown                         - Undefined Weak Reference
    _get_lc_collate                           - Undefined Weak Reference
    _get_lc_monetary                          - Undefined Weak Reference
    _get_lc_time                              - Undefined Weak Reference
    _getenv_init                              - Undefined Weak Reference
    _handle_redirection                       - Undefined Weak Reference
    _init_alloc                               - Undefined Weak Reference
    _init_user_alloc                          - Undefined Weak Reference
    _initio                                   - Undefined Weak Reference
    _printf_mbtowc                            - Undefined Weak Reference
    _printf_wc                                - Undefined Weak Reference
    _rand_init                                - Undefined Weak Reference
    _signal_finish                            - Undefined Weak Reference
    _signal_init                              - Undefined Weak Reference
    _terminate_alloc                          - Undefined Weak Reference
    _terminate_user_alloc                     - Undefined Weak Reference
    _terminateio                              - Undefined Weak Reference
    __Vectors_Size                           0x000000ec   Number         0  startup_stm32f10x_md.o ABSOLUTE
    __Vectors                                0x08000000   Data           4  startup_stm32f10x_md.o(RESET)
    __Vectors_End                            0x080000ec   Data           0  startup_stm32f10x_md.o(RESET)
    __main                                   0x080000ed   Thumb Code     8  __main.o(!!!main)
    __scatterload                            0x080000f5   Thumb Code     0  __scatter.o(!!!scatter)
    __scatterload_rt2                        0x080000f5   Thumb Code    84  __scatter.o(!!!scatter)
    __scatterload_rt2_thumb_only             0x080000f5   Thumb Code     0  __scatter.o(!!!scatter)
    __scatterload_loop                       0x080000ff   Thumb Code     0  __scatter.o(!!!scatter)
    __scatterload_copy                       0x08000151   Thumb Code    26  __scatter_copy.o(!!handler_copy)
    __scatterload_null                       0x0800016d   Thumb Code     2  __scatter.o(!!handler_null)
    __scatterload_zeroinit                   0x08000171   Thumb Code    28  __scatter_zi.o(!!handler_zi)
    _printf_n                                0x0800018d   Thumb Code     0  _printf_n.o(.ARM.Collect$$_printf_percent$$00000001)
    _printf_percent                          0x0800018d   Thumb Code     0  _printf_percent.o(.ARM.Collect$$_printf_percent$$00000000)
    _printf_p                                0x08000193   Thumb Code     0  _printf_p.o(.ARM.Collect$$_printf_percent$$00000002)
    _printf_f                                0x08000199   Thumb Code     0  _printf_f.o(.ARM.Collect$$_printf_percent$$00000003)
    _printf_e                                0x0800019f   Thumb Code     0  _printf_e.o(.ARM.Collect$$_printf_percent$$00000004)
    _printf_g                                0x080001a5   Thumb Code     0  _printf_g.o(.ARM.Collect$$_printf_percent$$00000005)
    _printf_a                                0x080001ab   Thumb Code     0  _printf_a.o(.ARM.Collect$$_printf_percent$$00000006)
    _printf_ll                               0x080001b1   Thumb Code     0  _printf_ll.o(.ARM.Collect$$_printf_percent$$00000007)
    _printf_i                                0x080001bb   Thumb Code     0  _printf_i.o(.ARM.Collect$$_printf_percent$$00000008)
    _printf_d                                0x080001c1   Thumb Code     0  _printf_d.o(.ARM.Collect$$_printf_percent$$00000009)
    _printf_u                                0x080001c7   Thumb Code     0  _printf_u.o(.ARM.Collect$$_printf_percent$$0000000A)
    _printf_o                                0x080001cd   Thumb Code     0  _printf_o.o(.ARM.Collect$$_printf_percent$$0000000B)
    _printf_x                                0x080001d3   Thumb Code     0  _printf_x.o(.ARM.Collect$$_printf_percent$$0000000C)
    _printf_lli                              0x080001d9   Thumb Code     0  _printf_lli.o(.ARM.Collect$$_printf_percent$$0000000D)
    _printf_lld                              0x080001df   Thumb Code     0  _printf_lld.o(.ARM.Collect$$_printf_percent$$0000000E)
    _printf_llu                              0x080001e5   Thumb Code     0  _printf_llu.o(.ARM.Collect$$_printf_percent$$0000000F)
    _printf_llo                              0x080001eb   Thumb Code     0  _printf_llo.o(.ARM.Collect$$_printf_percent$$00000010)
    _printf_llx                              0x080001f1   Thumb Code     0  _printf_llx.o(.ARM.Collect$$_printf_percent$$00000011)
    _printf_l                                0x080001f7   Thumb Code     0  _printf_l.o(.ARM.Collect$$_printf_percent$$00000012)
    _printf_c                                0x08000201   Thumb Code     0  _printf_c.o(.ARM.Collect$$_printf_percent$$00000013)
    _printf_s                                0x08000207   Thumb Code     0  _printf_s.o(.ARM.Collect$$_printf_percent$$00000014)
    _printf_lc                               0x0800020d   Thumb Code     0  _printf_lc.o(.ARM.Collect$$_printf_percent$$00000015)
    _printf_ls                               0x08000213   Thumb Code     0  _printf_ls.o(.ARM.Collect$$_printf_percent$$00000016)
    _printf_percent_end                      0x08000219   Thumb Code     0  _printf_percent_end.o(.ARM.Collect$$_printf_percent$$00000017)
    __rt_lib_init                            0x0800021d   Thumb Code     0  libinit.o(.ARM.Collect$$libinit$$00000000)
    __rt_lib_init_fp_1                       0x0800021f   Thumb Code     0  libinit2.o(.ARM.Collect$$libinit$$00000002)
    __rt_lib_init_heap_1                     0x0800021f   Thumb Code     0  libinit2.o(.ARM.Collect$$libinit$$0000000C)
    __rt_lib_init_lc_common                  0x0800021f   Thumb Code     0  libinit2.o(.ARM.Collect$$libinit$$00000011)
    __rt_lib_init_preinit_1                  0x0800021f   Thumb Code     0  libinit2.o(.ARM.Collect$$libinit$$00000006)
    __rt_lib_init_rand_1                     0x0800021f   Thumb Code     0  libinit2.o(.ARM.Collect$$libinit$$00000010)
    __rt_lib_init_relocate_pie_1             0x0800021f   Thumb Code     0  libinit2.o(.ARM.Collect$$libinit$$00000004)
    __rt_lib_init_user_alloc_1               0x0800021f   Thumb Code     0  libinit2.o(.ARM.Collect$$libinit$$0000000E)
    __rt_lib_init_lc_collate_1               0x08000225   Thumb Code     0  libinit2.o(.ARM.Collect$$libinit$$00000013)
    __rt_lib_init_lc_ctype_2                 0x08000225   Thumb Code     0  libinit2.o(.ARM.Collect$$libinit$$00000014)
    __rt_lib_init_lc_ctype_1                 0x08000231   Thumb Code     0  libinit2.o(.ARM.Collect$$libinit$$00000015)
    __rt_lib_init_lc_monetary_1              0x08000231   Thumb Code     0  libinit2.o(.ARM.Collect$$libinit$$00000017)
    __rt_lib_init_lc_numeric_2               0x08000231   Thumb Code     0  libinit2.o(.ARM.Collect$$libinit$$00000018)
    __rt_lib_init_alloca_1                   0x0800023b   Thumb Code     0  libinit2.o(.ARM.Collect$$libinit$$00000030)
    __rt_lib_init_argv_1                     0x0800023b   Thumb Code     0  libinit2.o(.ARM.Collect$$libinit$$0000002E)
    __rt_lib_init_atexit_1                   0x0800023b   Thumb Code     0  libinit2.o(.ARM.Collect$$libinit$$0000001D)
    __rt_lib_init_clock_1                    0x0800023b   Thumb Code     0  libinit2.o(.ARM.Collect$$libinit$$00000023)
    __rt_lib_init_cpp_1                      0x0800023b   Thumb Code     0  libinit2.o(.ARM.Collect$$libinit$$00000034)
    __rt_lib_init_exceptions_1               0x0800023b   Thumb Code     0  libinit2.o(.ARM.Collect$$libinit$$00000032)
    __rt_lib_init_fp_trap_1                  0x0800023b   Thumb Code     0  libinit2.o(.ARM.Collect$$libinit$$00000021)
    __rt_lib_init_getenv_1                   0x0800023b   Thumb Code     0  libinit2.o(.ARM.Collect$$libinit$$00000025)
    __rt_lib_init_lc_numeric_1               0x0800023b   Thumb Code     0  libinit2.o(.ARM.Collect$$libinit$$00000019)
    __rt_lib_init_lc_time_1                  0x0800023b   Thumb Code     0  libinit2.o(.ARM.Collect$$libinit$$0000001B)
    __rt_lib_init_return                     0x0800023b   Thumb Code     0  libinit2.o(.ARM.Collect$$libinit$$00000035)
    __rt_lib_init_signal_1                   0x0800023b   Thumb Code     0  libinit2.o(.ARM.Collect$$libinit$$0000001F)
    __rt_lib_init_stdio_1                    0x0800023b   Thumb Code     0  libinit2.o(.ARM.Collect$$libinit$$00000027)
    __rt_lib_shutdown                        0x0800023d   Thumb Code     0  libshutdown.o(.ARM.Collect$$libshutdown$$00000000)
    __rt_lib_shutdown_cpp_1                  0x0800023f   Thumb Code     0  libshutdown2.o(.ARM.Collect$$libshutdown$$00000002)
    __rt_lib_shutdown_fp_trap_1              0x0800023f   Thumb Code     0  libshutdown2.o(.ARM.Collect$$libshutdown$$00000007)
    __rt_lib_shutdown_heap_1                 0x0800023f   Thumb Code     0  libshutdown2.o(.ARM.Collect$$libshutdown$$0000000F)
    __rt_lib_shutdown_return                 0x0800023f   Thumb Code     0  libshutdown2.o(.ARM.Collect$$libshutdown$$00000010)
    __rt_lib_shutdown_signal_1               0x0800023f   Thumb Code     0  libshutdown2.o(.ARM.Collect$$libshutdown$$0000000A)
    __rt_lib_shutdown_stdio_1                0x0800023f   Thumb Code     0  libshutdown2.o(.ARM.Collect$$libshutdown$$00000004)
    __rt_lib_shutdown_user_alloc_1           0x0800023f   Thumb Code     0  libshutdown2.o(.ARM.Collect$$libshutdown$$0000000C)
    __rt_entry                               0x08000241   Thumb Code     0  __rtentry.o(.ARM.Collect$$rtentry$$00000000)
    __rt_entry_presh_1                       0x08000241   Thumb Code     0  __rtentry2.o(.ARM.Collect$$rtentry$$00000002)
    __rt_entry_sh                            0x08000241   Thumb Code     0  __rtentry4.o(.ARM.Collect$$rtentry$$00000004)
    __rt_entry_li                            0x08000247   Thumb Code     0  __rtentry2.o(.ARM.Collect$$rtentry$$0000000A)
    __rt_entry_postsh_1                      0x08000247   Thumb Code     0  __rtentry2.o(.ARM.Collect$$rtentry$$00000009)
    __rt_entry_main                          0x0800024b   Thumb Code     0  __rtentry2.o(.ARM.Collect$$rtentry$$0000000D)
    __rt_entry_postli_1                      0x0800024b   Thumb Code     0  __rtentry2.o(.ARM.Collect$$rtentry$$0000000C)
    __rt_exit                                0x08000253   Thumb Code     0  rtexit.o(.ARM.Collect$$rtexit$$00000000)
    __rt_exit_ls                             0x08000255   Thumb Code     0  rtexit2.o(.ARM.Collect$$rtexit$$00000003)
    __rt_exit_prels_1                        0x08000255   Thumb Code     0  rtexit2.o(.ARM.Collect$$rtexit$$00000002)
    __rt_exit_exit                           0x08000259   Thumb Code     0  rtexit2.o(.ARM.Collect$$rtexit$$00000004)
    Reset_Handler                            0x08000261   Thumb Code     8  startup_stm32f10x_md.o(.text)
    NMI_Handler                              0x08000269   Thumb Code     2  startup_stm32f10x_md.o(.text)
    HardFault_Handler                        0x0800026b   Thumb Code     2  startup_stm32f10x_md.o(.text)
    MemManage_Handler                        0x0800026d   Thumb Code     2  startup_stm32f10x_md.o(.text)
    BusFault_Handler                         0x0800026f   Thumb Code     2  startup_stm32f10x_md.o(.text)
    UsageFault_Handler                       0x08000271   Thumb Code     2  startup_stm32f10x_md.o(.text)
    SVC_Handler                              0x08000273   Thumb Code     2  startup_stm32f10x_md.o(.text)
    DebugMon_Handler                         0x08000275   Thumb Code     2  startup_stm32f10x_md.o(.text)
    PendSV_Handler                           0x08000277   Thumb Code     2  startup_stm32f10x_md.o(.text)
    SysTick_Handler                          0x08000279   Thumb Code     2  startup_stm32f10x_md.o(.text)
    ADC1_2_IRQHandler                        0x0800027b   Thumb Code     0  startup_stm32f10x_md.o(.text)
    CAN1_RX1_IRQHandler                      0x0800027b   Thumb Code     0  startup_stm32f10x_md.o(.text)
    CAN1_SCE_IRQHandler                      0x0800027b   Thumb Code     0  startup_stm32f10x_md.o(.text)
    DMA1_Channel1_IRQHandler                 0x0800027b   Thumb Code     0  startup_stm32f10x_md.o(.text)
    DMA1_Channel2_IRQHandler                 0x0800027b   Thumb Code     0  startup_stm32f10x_md.o(.text)
    DMA1_Channel3_IRQHandler                 0x0800027b   Thumb Code     0  startup_stm32f10x_md.o(.text)
    DMA1_Channel4_IRQHandler                 0x0800027b   Thumb Code     0  startup_stm32f10x_md.o(.text)
    DMA1_Channel5_IRQHandler                 0x0800027b   Thumb Code     0  startup_stm32f10x_md.o(.text)
    DMA1_Channel6_IRQHandler                 0x0800027b   Thumb Code     0  startup_stm32f10x_md.o(.text)
    DMA1_Channel7_IRQHandler                 0x0800027b   Thumb Code     0  startup_stm32f10x_md.o(.text)
    EXTI0_IRQHandler                         0x0800027b   Thumb Code     0  startup_stm32f10x_md.o(.text)
    EXTI15_10_IRQHandler                     0x0800027b   Thumb Code     0  startup_stm32f10x_md.o(.text)
    EXTI1_IRQHandler                         0x0800027b   Thumb Code     0  startup_stm32f10x_md.o(.text)
    EXTI2_IRQHandler                         0x0800027b   Thumb Code     0  startup_stm32f10x_md.o(.text)
    EXTI3_IRQHandler                         0x0800027b   Thumb Code     0  startup_stm32f10x_md.o(.text)
    EXTI4_IRQHandler                         0x0800027b   Thumb Code     0  startup_stm32f10x_md.o(.text)
    EXTI9_5_IRQHandler                       0x0800027b   Thumb Code     0  startup_stm32f10x_md.o(.text)
    FLASH_IRQHandler                         0x0800027b   Thumb Code     0  startup_stm32f10x_md.o(.text)
    I2C1_ER_IRQHandler                       0x0800027b   Thumb Code     0  startup_stm32f10x_md.o(.text)
    I2C1_EV_IRQHandler                       0x0800027b   Thumb Code     0  startup_stm32f10x_md.o(.text)
    I2C2_ER_IRQHandler                       0x0800027b   Thumb Code     0  startup_stm32f10x_md.o(.text)
    I2C2_EV_IRQHandler                       0x0800027b   Thumb Code     0  startup_stm32f10x_md.o(.text)
    PVD_IRQHandler                           0x0800027b   Thumb Code     0  startup_stm32f10x_md.o(.text)
    RCC_IRQHandler                           0x0800027b   Thumb Code     0  startup_stm32f10x_md.o(.text)
    RTCAlarm_IRQHandler                      0x0800027b   Thumb Code     0  startup_stm32f10x_md.o(.text)
    RTC_IRQHandler                           0x0800027b   Thumb Code     0  startup_stm32f10x_md.o(.text)
    SPI1_IRQHandler                          0x0800027b   Thumb Code     0  startup_stm32f10x_md.o(.text)
    SPI2_IRQHandler                          0x0800027b   Thumb Code     0  startup_stm32f10x_md.o(.text)
    TAMPER_IRQHandler                        0x0800027b   Thumb Code     0  startup_stm32f10x_md.o(.text)
    TIM1_BRK_IRQHandler                      0x0800027b   Thumb Code     0  startup_stm32f10x_md.o(.text)
    TIM1_CC_IRQHandler                       0x0800027b   Thumb Code     0  startup_stm32f10x_md.o(.text)
    TIM1_TRG_COM_IRQHandler                  0x0800027b   Thumb Code     0  startup_stm32f10x_md.o(.text)
    TIM1_UP_IRQHandler                       0x0800027b   Thumb Code     0  startup_stm32f10x_md.o(.text)
    TIM2_IRQHandler                          0x0800027b   Thumb Code     0  startup_stm32f10x_md.o(.text)
    TIM3_IRQHandler                          0x0800027b   Thumb Code     0  startup_stm32f10x_md.o(.text)
    TIM4_IRQHandler                          0x0800027b   Thumb Code     0  startup_stm32f10x_md.o(.text)
    USART2_IRQHandler                        0x0800027b   Thumb Code     0  startup_stm32f10x_md.o(.text)
    USART3_IRQHandler                        0x0800027b   Thumb Code     0  startup_stm32f10x_md.o(.text)
    USBWakeUp_IRQHandler                     0x0800027b   Thumb Code     0  startup_stm32f10x_md.o(.text)
    USB_HP_CAN1_TX_IRQHandler                0x0800027b   Thumb Code     0  startup_stm32f10x_md.o(.text)
    USB_LP_CAN1_RX0_IRQHandler               0x0800027b   Thumb Code     0  startup_stm32f10x_md.o(.text)
    WWDG_IRQHandler                          0x0800027b   Thumb Code     0  startup_stm32f10x_md.o(.text)
    __user_initial_stackheap                 0x0800027d   Thumb Code     0  startup_stm32f10x_md.o(.text)
    vsprintf                                 0x080002a1   Thumb Code    32  vsprintf.o(.text)
    strncmp                                  0x080002c5   Thumb Code   150  strncmp.o(.text)
    __aeabi_memclr                           0x0800035b   Thumb Code     0  rt_memclr.o(.text)
    __rt_memclr                              0x0800035b   Thumb Code     0  rt_memclr.o(.text)
    _memset                                  0x0800035f   Thumb Code    64  rt_memclr.o(.text)
    strcmp                                   0x080003a1   Thumb Code   128  strcmpv7m.o(.text)
    __use_two_region_memory                  0x08000421   Thumb Code     2  heapauxi.o(.text)
    __rt_heap_escrow$2region                 0x08000423   Thumb Code     2  heapauxi.o(.text)
    __rt_heap_expand$2region                 0x08000425   Thumb Code     2  heapauxi.o(.text)
    _printf_pre_padding                      0x08000427   Thumb Code    44  _printf_pad.o(.text)
    _printf_post_padding                     0x08000453   Thumb Code    34  _printf_pad.o(.text)
    _printf_truncate_signed                  0x08000475   Thumb Code    18  _printf_truncate.o(.text)
    _printf_truncate_unsigned                0x08000487   Thumb Code    18  _printf_truncate.o(.text)
    _printf_str                              0x08000499   Thumb Code    82  _printf_str.o(.text)
    _printf_int_dec                          0x080004ed   Thumb Code   104  _printf_dec.o(.text)
    _printf_charcount                        0x08000565   Thumb Code    40  _printf_charcount.o(.text)
    _printf_char_common                      0x08000597   Thumb Code    32  _printf_char_common.o(.text)
    _sputc                                   0x080005bd   Thumb Code    10  _sputc.o(.text)
    _printf_wctomb                           0x080005c9   Thumb Code   182  _printf_wctomb.o(.text)
    _printf_longlong_dec                     0x08000685   Thumb Code   108  _printf_longlong_dec.o(.text)
    _printf_longlong_oct                     0x08000701   Thumb Code    68  _printf_oct_int_ll.o(.text)
    _printf_int_oct                          0x08000745   Thumb Code    24  _printf_oct_int_ll.o(.text)
    _printf_ll_oct                           0x0800075d   Thumb Code    12  _printf_oct_int_ll.o(.text)
    _printf_longlong_hex                     0x08000771   Thumb Code    86  _printf_hex_int_ll_ptr.o(.text)
    _printf_int_hex                          0x080007c7   Thumb Code    28  _printf_hex_int_ll_ptr.o(.text)
    _printf_ll_hex                           0x080007e3   Thumb Code    12  _printf_hex_int_ll_ptr.o(.text)
    _printf_hex_ptr                          0x080007ef   Thumb Code    18  _printf_hex_int_ll_ptr.o(.text)
    __printf                                 0x08000805   Thumb Code   388  __printf_flags_ss_wp.o(.text)
    __aeabi_memclr4                          0x0800098d   Thumb Code     0  rt_memclr_w.o(.text)
    __aeabi_memclr8                          0x0800098d   Thumb Code     0  rt_memclr_w.o(.text)
    __rt_memclr_w                            0x0800098d   Thumb Code     0  rt_memclr_w.o(.text)
    _memset_w                                0x08000991   Thumb Code    74  rt_memclr_w.o(.text)
    _ll_udiv10                               0x080009db   Thumb Code   138  lludiv10.o(.text)
    _printf_int_common                       0x08000a65   Thumb Code   178  _printf_intcommon.o(.text)
    _printf_fp_dec_real                      0x08000cc7   Thumb Code   620  _printf_fp_dec.o(.text)
    _printf_fp_hex_real                      0x08000f35   Thumb Code   756  _printf_fp_hex.o(.text)
    _printf_cs_common                        0x08001231   Thumb Code    20  _printf_char.o(.text)
    _printf_char                             0x08001245   Thumb Code    16  _printf_char.o(.text)
    _printf_string                           0x08001255   Thumb Code     8  _printf_char.o(.text)
    _printf_lcs_common                       0x0800125d   Thumb Code    20  _printf_wchar.o(.text)
    _printf_wchar                            0x08001271   Thumb Code    16  _printf_wchar.o(.text)
    _printf_wstring                          0x08001281   Thumb Code     8  _printf_wchar.o(.text)
    _c16rtomb                                0x08001289   Thumb Code    72  _c16rtomb.o(.text)
    _wcrtomb                                 0x08001289   Thumb Code     0  _c16rtomb.o(.text)
    __user_libspace                          0x080012d1   Thumb Code     8  libspace.o(.text)
    __user_perproc_libspace                  0x080012d1   Thumb Code     0  libspace.o(.text)
    __user_perthread_libspace                0x080012d1   Thumb Code     0  libspace.o(.text)
    __user_setup_stackheap                   0x080012d9   Thumb Code    74  sys_stackheap_outer.o(.text)
    __rt_ctype_table                         0x08001325   Thumb Code    16  rt_ctype_table.o(.text)
    __rt_locale                              0x08001335   Thumb Code     8  rt_locale_intlibspace.o(.text)
    _printf_fp_infnan                        0x0800133d   Thumb Code   112  _printf_fp_infnan.o(.text)
    _btod_etento                             0x080013bd   Thumb Code   224  bigflt0.o(.text)
    exit                                     0x080014a1   Thumb Code    18  exit.o(.text)
    _sys_exit                                0x080014b5   Thumb Code     8  sys_exit.o(.text)
    __I$use$semihosting                      0x080014c1   Thumb Code     0  use_no_semi.o(.text)
    __use_no_semihosting_swi                 0x080014c1   Thumb Code     2  use_no_semi.o(.text)
    __semihosting_library_function           0x080014c3   Thumb Code     0  indicate_semi.o(.text)
    DH11_GPIO_Init_IN                        0x080014c5   Thumb Code    50  dht11.o(.text.DH11_GPIO_Init_IN)
    DH11_GPIO_Init_OUT                       0x080014f9   Thumb Code    50  dht11.o(.text.DH11_GPIO_Init_OUT)
    DHT11_Get_Hum                            0x0800152d   Thumb Code    12  dht11.o(.text.DHT11_Get_Hum)
    DHT11_Get_Temp                           0x08001539   Thumb Code    12  dht11.o(.text.DHT11_Get_Temp)
    DHT11_REC_Data                           0x08001545   Thumb Code   296  dht11.o(.text.DHT11_REC_Data)
    DHT11_Rec_Byte                           0x0800166d   Thumb Code   154  dht11.o(.text.DHT11_Rec_Byte)
    DHT11_Start                              0x08001709   Thumb Code    72  dht11.o(.text.DHT11_Start)
    Delay_ms                                 0x08001751   Thumb Code    32  delay.o(.text.Delay_ms)
    Delay_s                                  0x08001771   Thumb Code    32  delay.o(.text.Delay_s)
    Delay_us                                 0x08001791   Thumb Code    84  delay.o(.text.Delay_us)
    ESP8266_Init                             0x080017e5   Thumb Code   262  esp8266.o(.text.ESP8266_Init)
    ESP8266_PUB                              0x080018ed   Thumb Code   208  esp8266.o(.text.ESP8266_PUB)
    ESP8266_SUB                              0x080019bd   Thumb Code    92  esp8266.o(.text.ESP8266_SUB)
    GPIO_Init                                0x08001a19   Thumb Code   390  stm32f10x_gpio.o(.text.GPIO_Init)
    GPIO_ReadInputDataBit                    0x08001ba1   Thumb Code    52  stm32f10x_gpio.o(.text.GPIO_ReadInputDataBit)
    GPIO_ReadOutputDataBit                   0x08001bd5   Thumb Code    52  stm32f10x_gpio.o(.text.GPIO_ReadOutputDataBit)
    GPIO_ResetBits                           0x08001c09   Thumb Code    20  stm32f10x_gpio.o(.text.GPIO_ResetBits)
    GPIO_SetBits                             0x08001c1d   Thumb Code    20  stm32f10x_gpio.o(.text.GPIO_SetBits)
    GPIO_WriteBit                            0x08001c31   Thumb Code    44  stm32f10x_gpio.o(.text.GPIO_WriteBit)
    Key_Init                                 0x08001c5d   Thumb Code    48  key.o(.text.Key_Init)
    Key_Sign                                 0x08001c8d   Thumb Code   100  key.o(.text.Key_Sign)
    LED_Init                                 0x08001cf1   Thumb Code    60  led.o(.text.LED_Init)
    LED_Turn                                 0x08001d2d   Thumb Code    54  led.o(.text.LED_Turn)
    NVIC_Init                                0x08001d65   Thumb Code   166  misc.o(.text.NVIC_Init)
    NVIC_PriorityGroupConfig                 0x08001e0d   Thumb Code    28  misc.o(.text.NVIC_PriorityGroupConfig)
    OLED_Clear                               0x08001e29   Thumb Code    94  oled.o(.text.OLED_Clear)
    OLED_ClearArea                           0x08001e89   Thumb Code   200  oled.o(.text.OLED_ClearArea)
    OLED_GPIO_Init                           0x08001f51   Thumb Code   136  oled.o(.text.OLED_GPIO_Init)
    OLED_I2C_SendByte                        0x08001fd9   Thumb Code    86  oled.o(.text.OLED_I2C_SendByte)
    OLED_I2C_Start                           0x08002031   Thumb Code    36  oled.o(.text.OLED_I2C_Start)
    OLED_I2C_Stop                            0x08002055   Thumb Code    28  oled.o(.text.OLED_I2C_Stop)
    OLED_Init                                0x08002071   Thumb Code   154  oled.o(.text.OLED_Init)
    OLED_Pow                                 0x0800210d   Thumb Code    38  oled.o(.text.OLED_Pow)
    OLED_SetCursor                           0x08002135   Thumb Code    52  oled.o(.text.OLED_SetCursor)
    OLED_ShowChar                            0x08002169   Thumb Code   132  oled.o(.text.OLED_ShowChar)
    OLED_ShowChinese                         0x080021ed   Thumb Code   260  oled.o(.text.OLED_ShowChinese)
    OLED_ShowFloatNum                        0x080022f1   Thumb Code   422  oled.o(.text.OLED_ShowFloatNum)
    OLED_ShowImage                           0x08002499   Thumb Code   450  oled.o(.text.OLED_ShowImage)
    OLED_ShowNum                             0x0800265d   Thumb Code   156  oled.o(.text.OLED_ShowNum)
    OLED_ShowString                          0x080026f9   Thumb Code    88  oled.o(.text.OLED_ShowString)
    OLED_Update                              0x08002751   Thumb Code    72  oled.o(.text.OLED_Update)
    OLED_W_SCL                               0x08002799   Thumb Code    32  oled.o(.text.OLED_W_SCL)
    OLED_W_SDA                               0x080027b9   Thumb Code    32  oled.o(.text.OLED_W_SDA)
    OLED_WriteCommand                        0x080027d9   Thumb Code    40  oled.o(.text.OLED_WriteCommand)
    OLED_WriteData                           0x08002801   Thumb Code    82  oled.o(.text.OLED_WriteData)
    RCC_APB2PeriphClockCmd                   0x08002855   Thumb Code    56  stm32f10x_rcc.o(.text.RCC_APB2PeriphClockCmd)
    RCC_GetClocksFreq                        0x0800288d   Thumb Code   370  stm32f10x_rcc.o(.text.RCC_GetClocksFreq)
    Serial_Init                              0x08002a01   Thumb Code   196  serial.o(.text.Serial_Init)
    Serial_Printf                            0x08002ac5   Thumb Code    46  serial.o(.text.Serial_Printf)
    Serial_SendByte                          0x08002af5   Thumb Code    50  serial.o(.text.Serial_SendByte)
    Serial_SendString                        0x08002b29   Thumb Code    56  serial.o(.text.Serial_SendString)
    SystemInit                               0x08002c8d   Thumb Code   102  system_stm32f10x.o(.text.SystemInit)
    USART1_IRQHandler                        0x08002cf5   Thumb Code   148  serial.o(.text.USART1_IRQHandler)
    USART_Cmd                                0x08002d89   Thumb Code    44  stm32f10x_usart.o(.text.USART_Cmd)
    USART_GetFlagStatus                      0x08002db5   Thumb Code    68  stm32f10x_usart.o(.text.USART_GetFlagStatus)
    USART_GetITStatus                        0x08002df9   Thumb Code   176  stm32f10x_usart.o(.text.USART_GetITStatus)
    USART_ITConfig                           0x08002ea9   Thumb Code   146  stm32f10x_usart.o(.text.USART_ITConfig)
    USART_Init                               0x08002f3d   Thumb Code   348  stm32f10x_usart.o(.text.USART_Init)
    USART_ReceiveData                        0x08003099   Thumb Code    16  stm32f10x_usart.o(.text.USART_ReceiveData)
    USART_SendData                           0x080030a9   Thumb Code    24  stm32f10x_usart.o(.text.USART_SendData)
    command                                  0x080030c1   Thumb Code   162  esp8266.o(.text.command)
    main                                     0x08003165   Thumb Code   448  main.o(.text.main)
    _btod_d2e                                0x08003325   Thumb Code    62  btod.o(CL$$btod_d2e)
    _d2e_denorm_low                          0x08003363   Thumb Code    70  btod.o(CL$$btod_d2e_denorm_low)
    _d2e_norm_op1                            0x080033a9   Thumb Code    96  btod.o(CL$$btod_d2e_norm_op1)
    __btod_div_common                        0x08003409   Thumb Code   696  btod.o(CL$$btod_div_common)
    _e2e                                     0x08003741   Thumb Code   220  btod.o(CL$$btod_e2e)
    _btod_ediv                               0x0800381d   Thumb Code    42  btod.o(CL$$btod_ediv)
    _btod_emul                               0x08003847   Thumb Code    42  btod.o(CL$$btod_emul)
    __btod_mult_common                       0x08003871   Thumb Code   580  btod.o(CL$$btod_mult_common)
    __ARM_fpclassify                         0x08003ab5   Thumb Code    40  fpclassify.o(i.__ARM_fpclassify)
    _is_digit                                0x08003add   Thumb Code    14  __printf_wp.o(i._is_digit)
    round                                    0x08003aed   Thumb Code   136  round.o(i.round)
    _get_lc_numeric                          0x08003b81   Thumb Code    44  lc_numeric_c.o(locale$$code)
    _get_lc_ctype                            0x08003bad   Thumb Code    44  lc_ctype_c.o(locale$$code)
    __aeabi_d2f                              0x08003bd9   Thumb Code     0  d2f.o(x$fpl$d2f)
    _d2f                                     0x08003bd9   Thumb Code    98  d2f.o(x$fpl$d2f)
    __aeabi_dadd                             0x08003c3d   Thumb Code     0  daddsub_clz.o(x$fpl$dadd)
    _dadd                                    0x08003c3d   Thumb Code   332  daddsub_clz.o(x$fpl$dadd)
    __fpl_dcmp_Inf                           0x08003d8d   Thumb Code    24  dcmpi.o(x$fpl$dcmpinf)
    __aeabi_ddiv                             0x08003da5   Thumb Code     0  ddiv.o(x$fpl$ddiv)
    _ddiv                                    0x08003da5   Thumb Code   560  ddiv.o(x$fpl$ddiv)
    __aeabi_cdcmpeq                          0x0800405d   Thumb Code     0  deqf.o(x$fpl$deqf)
    _dcmpeq                                  0x0800405d   Thumb Code   120  deqf.o(x$fpl$deqf)
    __aeabi_d2uiz                            0x080040d5   Thumb Code     0  dfixu.o(x$fpl$dfixu)
    _dfixu                                   0x080040d5   Thumb Code    90  dfixu.o(x$fpl$dfixu)
    __aeabi_i2d                              0x0800412f   Thumb Code     0  dflt_clz.o(x$fpl$dflt)
    _dflt                                    0x0800412f   Thumb Code    46  dflt_clz.o(x$fpl$dflt)
    __aeabi_ui2d                             0x0800415d   Thumb Code     0  dflt_clz.o(x$fpl$dfltu)
    _dfltu                                   0x0800415d   Thumb Code    38  dflt_clz.o(x$fpl$dfltu)
    __aeabi_cdcmpge                          0x08004185   Thumb Code     0  dgeqf.o(x$fpl$dgeqf)
    _dcmpge                                  0x08004185   Thumb Code   120  dgeqf.o(x$fpl$dgeqf)
    __aeabi_cdcmple                          0x080041fd   Thumb Code     0  dleqf.o(x$fpl$dleqf)
    _dcmple                                  0x080041fd   Thumb Code   120  dleqf.o(x$fpl$dleqf)
    __fpl_dcmple_InfNaN                      0x0800425f   Thumb Code     0  dleqf.o(x$fpl$dleqf)
    __aeabi_dmul                             0x08004275   Thumb Code     0  dmul.o(x$fpl$dmul)
    _dmul                                    0x08004275   Thumb Code   332  dmul.o(x$fpl$dmul)
    __fpl_dnaninf                            0x080043c9   Thumb Code   156  dnaninf.o(x$fpl$dnaninf)
    __fpl_dretinf                            0x08004465   Thumb Code    12  dretinf.o(x$fpl$dretinf)
    __aeabi_cdrcmple                         0x08004471   Thumb Code     0  drleqf.o(x$fpl$drleqf)
    _drcmple                                 0x08004471   Thumb Code   108  drleqf.o(x$fpl$drleqf)
    _drnd                                    0x080044dd   Thumb Code   180  drnd.o(x$fpl$drnd)
    __aeabi_drsub                            0x08004591   Thumb Code     0  daddsub_clz.o(x$fpl$drsb)
    _drsb                                    0x08004591   Thumb Code    22  daddsub_clz.o(x$fpl$drsb)
    __aeabi_dsub                             0x080045a9   Thumb Code     0  daddsub_clz.o(x$fpl$dsub)
    _dsub                                    0x080045a9   Thumb Code   472  daddsub_clz.o(x$fpl$dsub)
    __aeabi_f2d                              0x08004785   Thumb Code     0  f2d.o(x$fpl$f2d)
    _f2d                                     0x08004785   Thumb Code    86  f2d.o(x$fpl$f2d)
    __aeabi_dcmpeq                           0x080047db   Thumb Code     0  dcmp.o(x$fpl$fcmp)
    _deq                                     0x080047db   Thumb Code    14  dcmp.o(x$fpl$fcmp)
    _dneq                                    0x080047e9   Thumb Code    14  dcmp.o(x$fpl$fcmp)
    __aeabi_dcmpgt                           0x080047f7   Thumb Code     0  dcmp.o(x$fpl$fcmp)
    _dgr                                     0x080047f7   Thumb Code    14  dcmp.o(x$fpl$fcmp)
    __aeabi_dcmpge                           0x08004805   Thumb Code     0  dcmp.o(x$fpl$fcmp)
    _dgeq                                    0x08004805   Thumb Code    14  dcmp.o(x$fpl$fcmp)
    __aeabi_dcmple                           0x08004813   Thumb Code     0  dcmp.o(x$fpl$fcmp)
    _dleq                                    0x08004813   Thumb Code    14  dcmp.o(x$fpl$fcmp)
    __aeabi_dcmplt                           0x08004821   Thumb Code     0  dcmp.o(x$fpl$fcmp)
    _dls                                     0x08004821   Thumb Code    14  dcmp.o(x$fpl$fcmp)
    __fpl_fnaninf                            0x0800482f   Thumb Code   140  fnaninf.o(x$fpl$fnaninf)
    __fpl_fretinf                            0x080048bb   Thumb Code    10  fretinf.o(x$fpl$fretinf)
    _printf_fp_dec                           0x080048c5   Thumb Code     4  printf1.o(x$fpl$printf1)
    _printf_fp_hex                           0x080048c9   Thumb Code     4  printf2.o(x$fpl$printf2)
    __I$use$fp                               0x080048cc   Number         0  usenofp.o(x$fpl$usenofp)
    OLED_CF16x16                             0x080049dc   Data         432  oled_data.o(.rodata.OLED_CF16x16)
    OLED_F6x8                                0x08004b8c   Data         570  oled_data.o(.rodata.OLED_F6x8)
    OLED_F8x16                               0x08004dc6   Data        1520  oled_data.o(.rodata.OLED_F8x16)
    Region$$Table$$Base                      0x080056a4   Number         0  anon$$obj.o(Region$$Table)
    Region$$Table$$Limit                     0x080056c4   Number         0  anon$$obj.o(Region$$Table)
    __ctype                                  0x080056ed   Data           0  lc_ctype_c.o(locale$$data)
    WiFi                                     0x20000000   Data           4  esp8266.o(.data.WiFi)
    WiFiPW                                   0x20000004   Data           4  esp8266.o(.data.WiFiPW)
    clientID                                 0x20000008   Data           4  esp8266.o(.data.clientID)
    func1                                    0x2000000c   Data           4  esp8266.o(.data.func1)
    func2                                    0x20000010   Data           4  esp8266.o(.data.func2)
    func3                                    0x20000014   Data           4  esp8266.o(.data.func3)
    passwd                                   0x20000018   Data           4  esp8266.o(.data.passwd)
    pubtopic                                 0x2000001c   Data           4  esp8266.o(.data.pubtopic)
    subtopic                                 0x20000020   Data           4  esp8266.o(.data.subtopic)
    url                                      0x20000024   Data           4  esp8266.o(.data.url)
    username                                 0x20000028   Data           4  esp8266.o(.data.username)
    __libspace_start                         0x20000030   Data          96  libspace.o(.bss)
    Humidity                                 0x20000090   Data           4  esp8266.o(.bss.Humidity)
    __temporary_stack_top$libspace           0x20000090   Data           0  libspace.o(.bss)
    LED                                      0x20000094   Data           4  esp8266.o(.bss.LED)
    OLED_DisplayBuf                          0x20000098   Data        1024  oled.o(.bss.OLED_DisplayBuf)
    RxData                                   0x20000498   Data         200  esp8266.o(.bss.RxData)
    Serial_RxData                            0x20000560   Data           1  serial.o(.bss.Serial_RxData)
    count                                    0x20000564   Data           4  main.o(.bss.count)
    hum                                      0x20000568   Data           4  dht11.o(.bss.hum)
    i                                        0x2000056c   Data           1  esp8266.o(.bss.i)
    sign                                     0x2000056d   Data           1  key.o(.bss.sign)
    temp                                     0x20000570   Data           4  dht11.o(.bss.temp)
    temperature                              0x20000574   Data           4  esp8266.o(.bss.temperature)



==============================================================================

Memory Map of the image

  Image Entry point : 0x080000ed

  Load Region LR_IROM1 (Base: 0x08000000, Size: 0x00005820, Max: 0x00010000, ABSOLUTE)

    Execution Region ER_IROM1 (Exec base: 0x08000000, Load base: 0x08000000, Size: 0x000057f0, Max: 0x00010000, ABSOLUTE)

    Exec Addr    Load Addr    Size         Type   Attr      Idx    E Section Name        Object

    0x08000000   0x08000000   0x000000ec   Data   RO          455    RESET               startup_stm32f10x_md.o
    0x080000ec   0x080000ec   0x00000008   Code   RO          491  * !!!main             c_w.l(__main.o)
    0x080000f4   0x080000f4   0x0000005c   Code   RO          945    !!!scatter          c_w.l(__scatter.o)
    0x08000150   0x08000150   0x0000001a   Code   RO          949    !!handler_copy      c_w.l(__scatter_copy.o)
    0x0800016a   0x0800016a   0x00000002   PAD
    0x0800016c   0x0800016c   0x00000002   Code   RO          946    !!handler_null      c_w.l(__scatter.o)
    0x0800016e   0x0800016e   0x00000002   PAD
    0x08000170   0x08000170   0x0000001c   Code   RO          951    !!handler_zi        c_w.l(__scatter_zi.o)
    0x0800018c   0x0800018c   0x00000000   Code   RO          629    .ARM.Collect$$_printf_percent$$00000000  c_w.l(_printf_percent.o)
    0x0800018c   0x0800018c   0x00000006   Code   RO          618    .ARM.Collect$$_printf_percent$$00000001  c_w.l(_printf_n.o)
    0x08000192   0x08000192   0x00000006   Code   RO          620    .ARM.Collect$$_printf_percent$$00000002  c_w.l(_printf_p.o)
    0x08000198   0x08000198   0x00000006   Code   RO          625    .ARM.Collect$$_printf_percent$$00000003  c_w.l(_printf_f.o)
    0x0800019e   0x0800019e   0x00000006   Code   RO          626    .ARM.Collect$$_printf_percent$$00000004  c_w.l(_printf_e.o)
    0x080001a4   0x080001a4   0x00000006   Code   RO          627    .ARM.Collect$$_printf_percent$$00000005  c_w.l(_printf_g.o)
    0x080001aa   0x080001aa   0x00000006   Code   RO          628    .ARM.Collect$$_printf_percent$$00000006  c_w.l(_printf_a.o)
    0x080001b0   0x080001b0   0x0000000a   Code   RO          633    .ARM.Collect$$_printf_percent$$00000007  c_w.l(_printf_ll.o)
    0x080001ba   0x080001ba   0x00000006   Code   RO          622    .ARM.Collect$$_printf_percent$$00000008  c_w.l(_printf_i.o)
    0x080001c0   0x080001c0   0x00000006   Code   RO          623    .ARM.Collect$$_printf_percent$$00000009  c_w.l(_printf_d.o)
    0x080001c6   0x080001c6   0x00000006   Code   RO          624    .ARM.Collect$$_printf_percent$$0000000A  c_w.l(_printf_u.o)
    0x080001cc   0x080001cc   0x00000006   Code   RO          621    .ARM.Collect$$_printf_percent$$0000000B  c_w.l(_printf_o.o)
    0x080001d2   0x080001d2   0x00000006   Code   RO          619    .ARM.Collect$$_printf_percent$$0000000C  c_w.l(_printf_x.o)
    0x080001d8   0x080001d8   0x00000006   Code   RO          630    .ARM.Collect$$_printf_percent$$0000000D  c_w.l(_printf_lli.o)
    0x080001de   0x080001de   0x00000006   Code   RO          631    .ARM.Collect$$_printf_percent$$0000000E  c_w.l(_printf_lld.o)
    0x080001e4   0x080001e4   0x00000006   Code   RO          632    .ARM.Collect$$_printf_percent$$0000000F  c_w.l(_printf_llu.o)
    0x080001ea   0x080001ea   0x00000006   Code   RO          637    .ARM.Collect$$_printf_percent$$00000010  c_w.l(_printf_llo.o)
    0x080001f0   0x080001f0   0x00000006   Code   RO          638    .ARM.Collect$$_printf_percent$$00000011  c_w.l(_printf_llx.o)
    0x080001f6   0x080001f6   0x0000000a   Code   RO          634    .ARM.Collect$$_printf_percent$$00000012  c_w.l(_printf_l.o)
    0x08000200   0x08000200   0x00000006   Code   RO          616    .ARM.Collect$$_printf_percent$$00000013  c_w.l(_printf_c.o)
    0x08000206   0x08000206   0x00000006   Code   RO          617    .ARM.Collect$$_printf_percent$$00000014  c_w.l(_printf_s.o)
    0x0800020c   0x0800020c   0x00000006   Code   RO          635    .ARM.Collect$$_printf_percent$$00000015  c_w.l(_printf_lc.o)
    0x08000212   0x08000212   0x00000006   Code   RO          636    .ARM.Collect$$_printf_percent$$00000016  c_w.l(_printf_ls.o)
    0x08000218   0x08000218   0x00000004   Code   RO          731    .ARM.Collect$$_printf_percent$$00000017  c_w.l(_printf_percent_end.o)
    0x0800021c   0x0800021c   0x00000002   Code   RO          795    .ARM.Collect$$libinit$$00000000  c_w.l(libinit.o)
    0x0800021e   0x0800021e   0x00000000   Code   RO          808    .ARM.Collect$$libinit$$00000002  c_w.l(libinit2.o)
    0x0800021e   0x0800021e   0x00000000   Code   RO          810    .ARM.Collect$$libinit$$00000004  c_w.l(libinit2.o)
    0x0800021e   0x0800021e   0x00000000   Code   RO          812    .ARM.Collect$$libinit$$00000006  c_w.l(libinit2.o)
    0x0800021e   0x0800021e   0x00000000   Code   RO          815    .ARM.Collect$$libinit$$0000000C  c_w.l(libinit2.o)
    0x0800021e   0x0800021e   0x00000000   Code   RO          817    .ARM.Collect$$libinit$$0000000E  c_w.l(libinit2.o)
    0x0800021e   0x0800021e   0x00000000   Code   RO          819    .ARM.Collect$$libinit$$00000010  c_w.l(libinit2.o)
    0x0800021e   0x0800021e   0x00000006   Code   RO          820    .ARM.Collect$$libinit$$00000011  c_w.l(libinit2.o)
    0x08000224   0x08000224   0x00000000   Code   RO          822    .ARM.Collect$$libinit$$00000013  c_w.l(libinit2.o)
    0x08000224   0x08000224   0x0000000c   Code   RO          823    .ARM.Collect$$libinit$$00000014  c_w.l(libinit2.o)
    0x08000230   0x08000230   0x00000000   Code   RO          824    .ARM.Collect$$libinit$$00000015  c_w.l(libinit2.o)
    0x08000230   0x08000230   0x00000000   Code   RO          826    .ARM.Collect$$libinit$$00000017  c_w.l(libinit2.o)
    0x08000230   0x08000230   0x0000000a   Code   RO          827    .ARM.Collect$$libinit$$00000018  c_w.l(libinit2.o)
    0x0800023a   0x0800023a   0x00000000   Code   RO          828    .ARM.Collect$$libinit$$00000019  c_w.l(libinit2.o)
    0x0800023a   0x0800023a   0x00000000   Code   RO          830    .ARM.Collect$$libinit$$0000001B  c_w.l(libinit2.o)
    0x0800023a   0x0800023a   0x00000000   Code   RO          832    .ARM.Collect$$libinit$$0000001D  c_w.l(libinit2.o)
    0x0800023a   0x0800023a   0x00000000   Code   RO          834    .ARM.Collect$$libinit$$0000001F  c_w.l(libinit2.o)
    0x0800023a   0x0800023a   0x00000000   Code   RO          836    .ARM.Collect$$libinit$$00000021  c_w.l(libinit2.o)
    0x0800023a   0x0800023a   0x00000000   Code   RO          838    .ARM.Collect$$libinit$$00000023  c_w.l(libinit2.o)
    0x0800023a   0x0800023a   0x00000000   Code   RO          840    .ARM.Collect$$libinit$$00000025  c_w.l(libinit2.o)
    0x0800023a   0x0800023a   0x00000000   Code   RO          842    .ARM.Collect$$libinit$$00000027  c_w.l(libinit2.o)
    0x0800023a   0x0800023a   0x00000000   Code   RO          846    .ARM.Collect$$libinit$$0000002E  c_w.l(libinit2.o)
    0x0800023a   0x0800023a   0x00000000   Code   RO          848    .ARM.Collect$$libinit$$00000030  c_w.l(libinit2.o)
    0x0800023a   0x0800023a   0x00000000   Code   RO          850    .ARM.Collect$$libinit$$00000032  c_w.l(libinit2.o)
    0x0800023a   0x0800023a   0x00000000   Code   RO          852    .ARM.Collect$$libinit$$00000034  c_w.l(libinit2.o)
    0x0800023a   0x0800023a   0x00000002   Code   RO          853    .ARM.Collect$$libinit$$00000035  c_w.l(libinit2.o)
    0x0800023c   0x0800023c   0x00000002   Code   RO          881    .ARM.Collect$$libshutdown$$00000000  c_w.l(libshutdown.o)
    0x0800023e   0x0800023e   0x00000000   Code   RO          896    .ARM.Collect$$libshutdown$$00000002  c_w.l(libshutdown2.o)
    0x0800023e   0x0800023e   0x00000000   Code   RO          898    .ARM.Collect$$libshutdown$$00000004  c_w.l(libshutdown2.o)
    0x0800023e   0x0800023e   0x00000000   Code   RO          901    .ARM.Collect$$libshutdown$$00000007  c_w.l(libshutdown2.o)
    0x0800023e   0x0800023e   0x00000000   Code   RO          904    .ARM.Collect$$libshutdown$$0000000A  c_w.l(libshutdown2.o)
    0x0800023e   0x0800023e   0x00000000   Code   RO          906    .ARM.Collect$$libshutdown$$0000000C  c_w.l(libshutdown2.o)
    0x0800023e   0x0800023e   0x00000000   Code   RO          909    .ARM.Collect$$libshutdown$$0000000F  c_w.l(libshutdown2.o)
    0x0800023e   0x0800023e   0x00000002   Code   RO          910    .ARM.Collect$$libshutdown$$00000010  c_w.l(libshutdown2.o)
    0x08000240   0x08000240   0x00000000   Code   RO          545    .ARM.Collect$$rtentry$$00000000  c_w.l(__rtentry.o)
    0x08000240   0x08000240   0x00000000   Code   RO          695    .ARM.Collect$$rtentry$$00000002  c_w.l(__rtentry2.o)
    0x08000240   0x08000240   0x00000006   Code   RO          707    .ARM.Collect$$rtentry$$00000004  c_w.l(__rtentry4.o)
    0x08000246   0x08000246   0x00000000   Code   RO          697    .ARM.Collect$$rtentry$$00000009  c_w.l(__rtentry2.o)
    0x08000246   0x08000246   0x00000004   Code   RO          698    .ARM.Collect$$rtentry$$0000000A  c_w.l(__rtentry2.o)
    0x0800024a   0x0800024a   0x00000000   Code   RO          700    .ARM.Collect$$rtentry$$0000000C  c_w.l(__rtentry2.o)
    0x0800024a   0x0800024a   0x00000008   Code   RO          701    .ARM.Collect$$rtentry$$0000000D  c_w.l(__rtentry2.o)
    0x08000252   0x08000252   0x00000002   Code   RO          800    .ARM.Collect$$rtexit$$00000000  c_w.l(rtexit.o)
    0x08000254   0x08000254   0x00000000   Code   RO          857    .ARM.Collect$$rtexit$$00000002  c_w.l(rtexit2.o)
    0x08000254   0x08000254   0x00000004   Code   RO          858    .ARM.Collect$$rtexit$$00000003  c_w.l(rtexit2.o)
    0x08000258   0x08000258   0x00000006   Code   RO          859    .ARM.Collect$$rtexit$$00000004  c_w.l(rtexit2.o)
    0x0800025e   0x0800025e   0x00000002   PAD
    0x08000260   0x08000260   0x00000040   Code   RO          456    .text               startup_stm32f10x_md.o
    0x080002a0   0x080002a0   0x00000024   Code   RO          481    .text               c_w.l(vsprintf.o)
    0x080002c4   0x080002c4   0x00000096   Code   RO          483    .text               c_w.l(strncmp.o)
    0x0800035a   0x0800035a   0x00000044   Code   RO          485    .text               c_w.l(rt_memclr.o)
    0x0800039e   0x0800039e   0x00000002   PAD
    0x080003a0   0x080003a0   0x00000080   Code   RO          487    .text               c_w.l(strcmpv7m.o)
    0x08000420   0x08000420   0x00000006   Code   RO          489    .text               c_w.l(heapauxi.o)
    0x08000426   0x08000426   0x0000004e   Code   RO          550    .text               c_w.l(_printf_pad.o)
    0x08000474   0x08000474   0x00000024   Code   RO          552    .text               c_w.l(_printf_truncate.o)
    0x08000498   0x08000498   0x00000052   Code   RO          554    .text               c_w.l(_printf_str.o)
    0x080004ea   0x080004ea   0x00000002   PAD
    0x080004ec   0x080004ec   0x00000078   Code   RO          556    .text               c_w.l(_printf_dec.o)
    0x08000564   0x08000564   0x00000028   Code   RO          558    .text               c_w.l(_printf_charcount.o)
    0x0800058c   0x0800058c   0x00000030   Code   RO          560    .text               c_w.l(_printf_char_common.o)
    0x080005bc   0x080005bc   0x0000000a   Code   RO          562    .text               c_w.l(_sputc.o)
    0x080005c6   0x080005c6   0x00000002   PAD
    0x080005c8   0x080005c8   0x000000bc   Code   RO          564    .text               c_w.l(_printf_wctomb.o)
    0x08000684   0x08000684   0x0000007c   Code   RO          567    .text               c_w.l(_printf_longlong_dec.o)
    0x08000700   0x08000700   0x00000070   Code   RO          573    .text               c_w.l(_printf_oct_int_ll.o)
    0x08000770   0x08000770   0x00000094   Code   RO          593    .text               c_w.l(_printf_hex_int_ll_ptr.o)
    0x08000804   0x08000804   0x00000188   Code   RO          613    .text               c_w.l(__printf_flags_ss_wp.o)
    0x0800098c   0x0800098c   0x0000004e   Code   RO          639    .text               c_w.l(rt_memclr_w.o)
    0x080009da   0x080009da   0x0000008a   Code   RO          714    .text               c_w.l(lludiv10.o)
    0x08000a64   0x08000a64   0x000000b2   Code   RO          716    .text               c_w.l(_printf_intcommon.o)
    0x08000b16   0x08000b16   0x0000041c   Code   RO          718    .text               c_w.l(_printf_fp_dec.o)
    0x08000f32   0x08000f32   0x00000002   PAD
    0x08000f34   0x08000f34   0x000002fc   Code   RO          722    .text               c_w.l(_printf_fp_hex.o)
    0x08001230   0x08001230   0x0000002c   Code   RO          727    .text               c_w.l(_printf_char.o)
    0x0800125c   0x0800125c   0x0000002c   Code   RO          729    .text               c_w.l(_printf_wchar.o)
    0x08001288   0x08001288   0x00000048   Code   RO          732    .text               c_w.l(_c16rtomb.o)
    0x080012d0   0x080012d0   0x00000008   Code   RO          744    .text               c_w.l(libspace.o)
    0x080012d8   0x080012d8   0x0000004a   Code   RO          747    .text               c_w.l(sys_stackheap_outer.o)
    0x08001322   0x08001322   0x00000002   PAD
    0x08001324   0x08001324   0x00000010   Code   RO          749    .text               c_w.l(rt_ctype_table.o)
    0x08001334   0x08001334   0x00000008   Code   RO          754    .text               c_w.l(rt_locale_intlibspace.o)
    0x0800133c   0x0800133c   0x00000080   Code   RO          756    .text               c_w.l(_printf_fp_infnan.o)
    0x080013bc   0x080013bc   0x000000e4   Code   RO          758    .text               c_w.l(bigflt0.o)
    0x080014a0   0x080014a0   0x00000012   Code   RO          788    .text               c_w.l(exit.o)
    0x080014b2   0x080014b2   0x00000002   PAD
    0x080014b4   0x080014b4   0x0000000c   Code   RO          871    .text               c_w.l(sys_exit.o)
    0x080014c0   0x080014c0   0x00000002   Code   RO          886    .text               c_w.l(use_no_semi.o)
    0x080014c2   0x080014c2   0x00000000   Code   RO          888    .text               c_w.l(indicate_semi.o)
    0x080014c2   0x080014c2   0x00000002   PAD
    0x080014c4   0x080014c4   0x00000032   Code   RO           76    .text.DH11_GPIO_Init_IN  dht11.o
    0x080014f6   0x080014f6   0x00000002   PAD
    0x080014f8   0x080014f8   0x00000032   Code   RO           74    .text.DH11_GPIO_Init_OUT  dht11.o
    0x0800152a   0x0800152a   0x00000002   PAD
    0x0800152c   0x0800152c   0x0000000c   Code   RO           86    .text.DHT11_Get_Hum  dht11.o
    0x08001538   0x08001538   0x0000000c   Code   RO           84    .text.DHT11_Get_Temp  dht11.o
    0x08001544   0x08001544   0x00000128   Code   RO           82    .text.DHT11_REC_Data  dht11.o
    0x0800166c   0x0800166c   0x0000009a   Code   RO           80    .text.DHT11_Rec_Byte  dht11.o
    0x08001706   0x08001706   0x00000002   PAD
    0x08001708   0x08001708   0x00000048   Code   RO           78    .text.DHT11_Start   dht11.o
    0x08001750   0x08001750   0x00000020   Code   RO            4    .text.Delay_ms      delay.o
    0x08001770   0x08001770   0x00000020   Code   RO            6    .text.Delay_s       delay.o
    0x08001790   0x08001790   0x00000054   Code   RO            2    .text.Delay_us      delay.o
    0x080017e4   0x080017e4   0x00000106   Code   RO          189    .text.ESP8266_Init  esp8266.o
    0x080018ea   0x080018ea   0x00000002   PAD
    0x080018ec   0x080018ec   0x000000d0   Code   RO          193    .text.ESP8266_PUB   esp8266.o
    0x080019bc   0x080019bc   0x0000005c   Code   RO          191    .text.ESP8266_SUB   esp8266.o
    0x08001a18   0x08001a18   0x00000186   Code   RO          277    .text.GPIO_Init     stm32f10x_gpio.o
    0x08001b9e   0x08001b9e   0x00000002   PAD
    0x08001ba0   0x08001ba0   0x00000034   Code   RO          281    .text.GPIO_ReadInputDataBit  stm32f10x_gpio.o
    0x08001bd4   0x08001bd4   0x00000034   Code   RO          285    .text.GPIO_ReadOutputDataBit  stm32f10x_gpio.o
    0x08001c08   0x08001c08   0x00000014   Code   RO          291    .text.GPIO_ResetBits  stm32f10x_gpio.o
    0x08001c1c   0x08001c1c   0x00000014   Code   RO          289    .text.GPIO_SetBits  stm32f10x_gpio.o
    0x08001c30   0x08001c30   0x0000002c   Code   RO          293    .text.GPIO_WriteBit  stm32f10x_gpio.o
    0x08001c5c   0x08001c5c   0x00000030   Code   RO           46    .text.Key_Init      key.o
    0x08001c8c   0x08001c8c   0x00000064   Code   RO           48    .text.Key_Sign      key.o
    0x08001cf0   0x08001cf0   0x0000003c   Code   RO           58    .text.LED_Init      led.o
    0x08001d2c   0x08001d2c   0x00000036   Code   RO           64    .text.LED_Turn      led.o
    0x08001d62   0x08001d62   0x00000002   PAD
    0x08001d64   0x08001d64   0x000000a6   Code   RO          235    .text.NVIC_Init     misc.o
    0x08001e0a   0x08001e0a   0x00000002   PAD
    0x08001e0c   0x08001e0c   0x0000001c   Code   RO          233    .text.NVIC_PriorityGroupConfig  misc.o
    0x08001e28   0x08001e28   0x0000005e   Code   RO          115    .text.OLED_Clear    oled.o
    0x08001e86   0x08001e86   0x00000002   PAD
    0x08001e88   0x08001e88   0x000000c8   Code   RO          129    .text.OLED_ClearArea  oled.o
    0x08001f50   0x08001f50   0x00000088   Code   RO          101    .text.OLED_GPIO_Init  oled.o
    0x08001fd8   0x08001fd8   0x00000056   Code   RO          107    .text.OLED_I2C_SendByte  oled.o
    0x0800202e   0x0800202e   0x00000002   PAD
    0x08002030   0x08002030   0x00000024   Code   RO          103    .text.OLED_I2C_Start  oled.o
    0x08002054   0x08002054   0x0000001c   Code   RO          105    .text.OLED_I2C_Stop  oled.o
    0x08002070   0x08002070   0x0000009a   Code   RO          113    .text.OLED_Init     oled.o
    0x0800210a   0x0800210a   0x00000002   PAD
    0x0800210c   0x0800210c   0x00000026   Code   RO          121    .text.OLED_Pow      oled.o
    0x08002132   0x08002132   0x00000002   PAD
    0x08002134   0x08002134   0x00000034   Code   RO          119    .text.OLED_SetCursor  oled.o
    0x08002168   0x08002168   0x00000084   Code   RO          135    .text.OLED_ShowChar  oled.o
    0x080021ec   0x080021ec   0x00000104   Code   RO          151    .text.OLED_ShowChinese  oled.o
    0x080022f0   0x080022f0   0x000001a6   Code   RO          149    .text.OLED_ShowFloatNum  oled.o
    0x08002496   0x08002496   0x00000002   PAD
    0x08002498   0x08002498   0x000001c2   Code   RO          137    .text.OLED_ShowImage  oled.o
    0x0800265a   0x0800265a   0x00000002   PAD
    0x0800265c   0x0800265c   0x0000009c   Code   RO          141    .text.OLED_ShowNum  oled.o
    0x080026f8   0x080026f8   0x00000058   Code   RO          139    .text.OLED_ShowString  oled.o
    0x08002750   0x08002750   0x00000048   Code   RO          117    .text.OLED_Update   oled.o
    0x08002798   0x08002798   0x00000020   Code   RO           97    .text.OLED_W_SCL    oled.o
    0x080027b8   0x080027b8   0x00000020   Code   RO           99    .text.OLED_W_SDA    oled.o
    0x080027d8   0x080027d8   0x00000028   Code   RO          109    .text.OLED_WriteCommand  oled.o
    0x08002800   0x08002800   0x00000052   Code   RO          111    .text.OLED_WriteData  oled.o
    0x08002852   0x08002852   0x00000002   PAD
    0x08002854   0x08002854   0x00000038   Code   RO          360    .text.RCC_APB2PeriphClockCmd  stm32f10x_rcc.o
    0x0800288c   0x0800288c   0x00000172   Code   RO          356    .text.RCC_GetClocksFreq  stm32f10x_rcc.o
    0x080029fe   0x080029fe   0x00000002   PAD
    0x08002a00   0x08002a00   0x000000c4   Code   RO           15    .text.Serial_Init   serial.o
    0x08002ac4   0x08002ac4   0x0000002e   Code   RO           29    .text.Serial_Printf  serial.o
    0x08002af2   0x08002af2   0x00000002   PAD
    0x08002af4   0x08002af4   0x00000032   Code   RO           17    .text.Serial_SendByte  serial.o
    0x08002b26   0x08002b26   0x00000002   PAD
    0x08002b28   0x08002b28   0x00000038   Code   RO           21    .text.Serial_SendString  serial.o
    0x08002b60   0x08002b60   0x00000008   Code   RO          465    .text.SetSysClock   system_stm32f10x.o
    0x08002b68   0x08002b68   0x00000122   Code   RO          469    .text.SetSysClockTo72  system_stm32f10x.o
    0x08002c8a   0x08002c8a   0x00000002   PAD
    0x08002c8c   0x08002c8c   0x00000066   Code   RO          463    .text.SystemInit    system_stm32f10x.o
    0x08002cf2   0x08002cf2   0x00000002   PAD
    0x08002cf4   0x08002cf4   0x00000094   Code   RO           35    .text.USART1_IRQHandler  serial.o
    0x08002d88   0x08002d88   0x0000002c   Code   RO          399    .text.USART_Cmd     stm32f10x_usart.o
    0x08002db4   0x08002db4   0x00000044   Code   RO          439    .text.USART_GetFlagStatus  stm32f10x_usart.o
    0x08002df8   0x08002df8   0x000000b0   Code   RO          443    .text.USART_GetITStatus  stm32f10x_usart.o
    0x08002ea8   0x08002ea8   0x00000092   Code   RO          401    .text.USART_ITConfig  stm32f10x_usart.o
    0x08002f3a   0x08002f3a   0x00000002   PAD
    0x08002f3c   0x08002f3c   0x0000015c   Code   RO          391    .text.USART_Init    stm32f10x_usart.o
    0x08003098   0x08003098   0x00000010   Code   RO          417    .text.USART_ReceiveData  stm32f10x_usart.o
    0x080030a8   0x080030a8   0x00000018   Code   RO          415    .text.USART_SendData  stm32f10x_usart.o
    0x080030c0   0x080030c0   0x000000a2   Code   RO          195    .text.command       esp8266.o
    0x08003162   0x08003162   0x00000002   PAD
    0x08003164   0x08003164   0x000001c0   Code   RO          221    .text.main          main.o
    0x08003324   0x08003324   0x0000003e   Code   RO          761    CL$$btod_d2e        c_w.l(btod.o)
    0x08003362   0x08003362   0x00000046   Code   RO          763    CL$$btod_d2e_denorm_low  c_w.l(btod.o)
    0x080033a8   0x080033a8   0x00000060   Code   RO          762    CL$$btod_d2e_norm_op1  c_w.l(btod.o)
    0x08003408   0x08003408   0x00000338   Code   RO          771    CL$$btod_div_common  c_w.l(btod.o)
    0x08003740   0x08003740   0x000000dc   Code   RO          768    CL$$btod_e2e        c_w.l(btod.o)
    0x0800381c   0x0800381c   0x0000002a   Code   RO          765    CL$$btod_ediv       c_w.l(btod.o)
    0x08003846   0x08003846   0x0000002a   Code   RO          764    CL$$btod_emul       c_w.l(btod.o)
    0x08003870   0x08003870   0x00000244   Code   RO          770    CL$$btod_mult_common  c_w.l(btod.o)
    0x08003ab4   0x08003ab4   0x00000028   Code   RO          740    i.__ARM_fpclassify  m_ws.l(fpclassify.o)
    0x08003adc   0x08003adc   0x0000000e   Code   RO          606    i._is_digit         c_w.l(__printf_wp.o)
    0x08003aea   0x08003aea   0x00000002   PAD
    0x08003aec   0x08003aec   0x00000094   Code   RO          543    i.round             m_ws.l(round.o)
    0x08003b80   0x08003b80   0x0000002c   Code   RO          786    locale$$code        c_w.l(lc_numeric_c.o)
    0x08003bac   0x08003bac   0x0000002c   Code   RO          805    locale$$code        c_w.l(lc_ctype_c.o)
    0x08003bd8   0x08003bd8   0x00000062   Code   RO          493    x$fpl$d2f           fz_ws.l(d2f.o)
    0x08003c3a   0x08003c3a   0x00000002   PAD
    0x08003c3c   0x08003c3c   0x00000150   Code   RO          495    x$fpl$dadd          fz_ws.l(daddsub_clz.o)
    0x08003d8c   0x08003d8c   0x00000018   Code   RO          734    x$fpl$dcmpinf       fz_ws.l(dcmpi.o)
    0x08003da4   0x08003da4   0x000002b8   Code   RO          504    x$fpl$ddiv          fz_ws.l(ddiv.o)
    0x0800405c   0x0800405c   0x00000078   Code   RO          641    x$fpl$deqf          fz_ws.l(deqf.o)
    0x080040d4   0x080040d4   0x0000005a   Code   RO          511    x$fpl$dfixu         fz_ws.l(dfixu.o)
    0x0800412e   0x0800412e   0x0000002e   Code   RO          516    x$fpl$dflt          fz_ws.l(dflt_clz.o)
    0x0800415c   0x0800415c   0x00000026   Code   RO          515    x$fpl$dfltu         fz_ws.l(dflt_clz.o)
    0x08004182   0x08004182   0x00000002   PAD
    0x08004184   0x08004184   0x00000078   Code   RO          643    x$fpl$dgeqf         fz_ws.l(dgeqf.o)
    0x080041fc   0x080041fc   0x00000078   Code   RO          645    x$fpl$dleqf         fz_ws.l(dleqf.o)
    0x08004274   0x08004274   0x00000154   Code   RO          521    x$fpl$dmul          fz_ws.l(dmul.o)
    0x080043c8   0x080043c8   0x0000009c   Code   RO          647    x$fpl$dnaninf       fz_ws.l(dnaninf.o)
    0x08004464   0x08004464   0x0000000c   Code   RO          649    x$fpl$dretinf       fz_ws.l(dretinf.o)
    0x08004470   0x08004470   0x0000006c   Code   RO          651    x$fpl$drleqf        fz_ws.l(drleqf.o)
    0x080044dc   0x080044dc   0x000000b4   Code   RO          653    x$fpl$drnd          fz_ws.l(drnd.o)
    0x08004590   0x08004590   0x00000016   Code   RO          496    x$fpl$drsb          fz_ws.l(daddsub_clz.o)
    0x080045a6   0x080045a6   0x00000002   PAD
    0x080045a8   0x080045a8   0x000001dc   Code   RO          497    x$fpl$dsub          fz_ws.l(daddsub_clz.o)
    0x08004784   0x08004784   0x00000056   Code   RO          523    x$fpl$f2d           fz_ws.l(f2d.o)
    0x080047da   0x080047da   0x00000054   Code   RO          501    x$fpl$fcmp          fz_ws.l(dcmp.o)
    0x0800482e   0x0800482e   0x0000008c   Code   RO          661    x$fpl$fnaninf       fz_ws.l(fnaninf.o)
    0x080048ba   0x080048ba   0x0000000a   Code   RO          663    x$fpl$fretinf       fz_ws.l(fretinf.o)
    0x080048c4   0x080048c4   0x00000004   Code   RO          665    x$fpl$printf1       fz_ws.l(printf1.o)
    0x080048c8   0x080048c8   0x00000004   Code   RO          667    x$fpl$printf2       fz_ws.l(printf2.o)
    0x080048cc   0x080048cc   0x00000000   Code   RO          673    x$fpl$usenofp       fz_ws.l(usenofp.o)
    0x080048cc   0x080048cc   0x00000008   Data   RO          565    .constdata          c_w.l(_printf_wctomb.o)
    0x080048d4   0x080048d4   0x00000028   Data   RO          594    .constdata          c_w.l(_printf_hex_int_ll_ptr.o)
    0x080048fc   0x080048fc   0x00000011   Data   RO          614    .constdata          c_w.l(__printf_flags_ss_wp.o)
    0x0800490d   0x0800490d   0x00000026   Data   RO          723    .constdata          c_w.l(_printf_fp_hex.o)
    0x08004933   0x08004933   0x00000001   PAD
    0x08004934   0x08004934   0x00000094   Data   RO          759    .constdata          c_w.l(bigflt0.o)
    0x080049c8   0x080049c8   0x00000004   Data   RO          381    .rodata.ADCPrescTable  stm32f10x_rcc.o
    0x080049cc   0x080049cc   0x00000010   Data   RO          380    .rodata.APBAHBPrescTable  stm32f10x_rcc.o
    0x080049dc   0x080049dc   0x000001b0   Data   RO          182    .rodata.OLED_CF16x16  oled_data.o
    0x08004b8c   0x08004b8c   0x0000023a   Data   RO          181    .rodata.OLED_F6x8   oled_data.o
    0x08004dc6   0x08004dc6   0x000005f0   Data   RO          180    .rodata.OLED_F8x16  oled_data.o
    0x080053b6   0x080053b6   0x000002b4   Data   RO          198    .rodata.str1.1      esp8266.o
    0x0800566a   0x0800566a   0x00000038   Data   RO          224    .rodata.str1.1      main.o
    0x080056a2   0x080056a2   0x00000002   PAD
    0x080056a4   0x080056a4   0x00000020   Data   RO          944    Region$$Table       anon$$obj.o
    0x080056c4   0x080056c4   0x0000001c   Data   RO          785    locale$$data        c_w.l(lc_numeric_c.o)
    0x080056e0   0x080056e0   0x00000110   Data   RO          804    locale$$data        c_w.l(lc_ctype_c.o)


    Execution Region RW_IRAM1 (Exec base: 0x20000000, Load base: 0x080057f0, Size: 0x00000b78, Max: 0x00005000, ABSOLUTE)

    Exec Addr    Load Addr    Size         Type   Attr      Idx    E Section Name        Object

    0x20000000   0x080057f0   0x00000004   Data   RW          199    .data.WiFi          esp8266.o
    0x20000004   0x080057f4   0x00000004   Data   RW          200    .data.WiFiPW        esp8266.o
    0x20000008   0x080057f8   0x00000004   Data   RW          201    .data.clientID      esp8266.o
    0x2000000c   0x080057fc   0x00000004   Data   RW          207    .data.func1         esp8266.o
    0x20000010   0x08005800   0x00000004   Data   RW          208    .data.func2         esp8266.o
    0x20000014   0x08005804   0x00000004   Data   RW          209    .data.func3         esp8266.o
    0x20000018   0x08005808   0x00000004   Data   RW          203    .data.passwd        esp8266.o
    0x2000001c   0x0800580c   0x00000004   Data   RW          205    .data.pubtopic      esp8266.o
    0x20000020   0x08005810   0x00000004   Data   RW          206    .data.subtopic      esp8266.o
    0x20000024   0x08005814   0x00000004   Data   RW          204    .data.url           esp8266.o
    0x20000028   0x08005818   0x00000004   Data   RW          202    .data.username      esp8266.o
    0x2000002c   0x0800581c   0x00000004   PAD
    0x20000030        -       0x00000060   Zero   RW          745    .bss                c_w.l(libspace.o)
    0x20000090        -       0x00000004   Zero   RW          212    .bss.Humidity       esp8266.o
    0x20000094        -       0x00000004   Zero   RW          213    .bss.LED            esp8266.o
    0x20000098        -       0x00000400   Zero   RW          171    .bss.OLED_DisplayBuf  oled.o
    0x20000498        -       0x000000c8   Zero   RW          210    .bss.RxData         esp8266.o
    0x20000560        -       0x00000001   Zero   RW           38    .bss.Serial_RxData  serial.o
    0x20000561   0x0800581c   0x00000003   PAD
    0x20000564        -       0x00000004   Zero   RW          223    .bss.count          main.o
    0x20000568        -       0x00000004   Zero   RW           89    .bss.hum            dht11.o
    0x2000056c        -       0x00000001   Zero   RW          197    .bss.i              esp8266.o
    0x2000056d        -       0x00000001   Zero   RW           50    .bss.sign           key.o
    0x2000056e   0x0800581c   0x00000002   PAD
    0x20000570        -       0x00000004   Zero   RW           88    .bss.temp           dht11.o
    0x20000574        -       0x00000004   Zero   RW          211    .bss.temperature    esp8266.o
    0x20000578        -       0x00000200   Zero   RW          454    HEAP                startup_stm32f10x_md.o
    0x20000778        -       0x00000400   Zero   RW          453    STACK               startup_stm32f10x_md.o


==============================================================================

Image component sizes


      Code (inc. data)   RO Data    RW Data    ZI Data      Debug   Object Name

       148          0          0          0          0       1057   delay.o
       646          0          0          0          8       2657   dht11.o
       724          0        692         44        213       2128   esp8266.o
       148          0          0          0          1       1746   key.o
       114          0          0          0          0       1882   led.o
       448          0         56          0          4       1248   main.o
       194          0          0          0          0       3333   misc.o
      2590          0          0          0       1024      15124   oled.o
         0          0       2522          0          0        762   oled_data.o
       496          0          0          0          1       5644   serial.o
        64         26        236          0       1536        828   startup_stm32f10x_md.o
       578          0          0          0          0       5702   stm32f10x_gpio.o
       426          0         20          0          0       7030   stm32f10x_rcc.o
       822          0          0          0          0       7503   stm32f10x_usart.o
       400          0          0          0          0       2960   system_stm32f10x.o

    ----------------------------------------------------------------------
      7840         26       3560         44       2796      59604   Object Totals
         0          0         32          0          0          0   (incl. Generated)
        42          0          2          0          9          0   (incl. Padding)

    ----------------------------------------------------------------------

      Code (inc. data)   RO Data    RW Data    ZI Data      Debug   Library Member Name

         8          0          0          0          0         68   __main.o
       392          4         17          0          0         92   __printf_flags_ss_wp.o
        14          0          0          0          0         68   __printf_wp.o
         0          0          0          0          0          0   __rtentry.o
        12          0          0          0          0          0   __rtentry2.o
         6          0          0          0          0          0   __rtentry4.o
        94          8          0          0          0          0   __scatter.o
        26          0          0          0          0          0   __scatter_copy.o
        28          0          0          0          0          0   __scatter_zi.o
        72          0          0          0          0         96   _c16rtomb.o
         6          0          0          0          0          0   _printf_a.o
         6          0          0          0          0          0   _printf_c.o
        44          0          0          0          0        108   _printf_char.o
        48          6          0          0          0         96   _printf_char_common.o
        40          0          0          0          0         68   _printf_charcount.o
         6          0          0          0          0          0   _printf_d.o
       120         16          0          0          0         92   _printf_dec.o
         6          0          0          0          0          0   _printf_e.o
         6          0          0          0          0          0   _printf_f.o
      1052          0          0          0          0        148   _printf_fp_dec.o
       764          8         38          0          0        100   _printf_fp_hex.o
       128         16          0          0          0         84   _printf_fp_infnan.o
         6          0          0          0          0          0   _printf_g.o
       148          4         40          0          0        160   _printf_hex_int_ll_ptr.o
         6          0          0          0          0          0   _printf_i.o
       178          0          0          0          0         88   _printf_intcommon.o
        10          0          0          0          0          0   _printf_l.o
         6          0          0          0          0          0   _printf_lc.o
        10          0          0          0          0          0   _printf_ll.o
         6          0          0          0          0          0   _printf_lld.o
         6          0          0          0          0          0   _printf_lli.o
         6          0          0          0          0          0   _printf_llo.o
         6          0          0          0          0          0   _printf_llu.o
         6          0          0          0          0          0   _printf_llx.o
       124         16          0          0          0         92   _printf_longlong_dec.o
         6          0          0          0          0          0   _printf_ls.o
         6          0          0          0          0          0   _printf_n.o
         6          0          0          0          0          0   _printf_o.o
       112          8          0          0          0        124   _printf_oct_int_ll.o
         6          0          0          0          0          0   _printf_p.o
        78          0          0          0          0        108   _printf_pad.o
         0          0          0          0          0          0   _printf_percent.o
         4          0          0          0          0          0   _printf_percent_end.o
         6          0          0          0          0          0   _printf_s.o
        82          0          0          0          0         80   _printf_str.o
        36          0          0          0          0         84   _printf_truncate.o
         6          0          0          0          0          0   _printf_u.o
        44          0          0          0          0        108   _printf_wchar.o
       188          6          8          0          0         92   _printf_wctomb.o
         6          0          0          0          0          0   _printf_x.o
        10          0          0          0          0         68   _sputc.o
       228          4        148          0          0         96   bigflt0.o
      1936        128          0          0          0        668   btod.o
        18          0          0          0          0         80   exit.o
         6          0          0          0          0        152   heapauxi.o
         0          0          0          0          0          0   indicate_semi.o
        44         10        272          0          0         76   lc_ctype_c.o
        44         10         28          0          0         76   lc_numeric_c.o
         2          0          0          0          0          0   libinit.o
        30          0          0          0          0          0   libinit2.o
         2          0          0          0          0          0   libshutdown.o
         2          0          0          0          0          0   libshutdown2.o
         8          4          0          0         96         68   libspace.o
       138          0          0          0          0         80   lludiv10.o
        16          4          0          0          0         76   rt_ctype_table.o
         8          4          0          0          0         68   rt_locale_intlibspace.o
        68          0          0          0          0         68   rt_memclr.o
        78          0          0          0          0         80   rt_memclr_w.o
         2          0          0          0          0          0   rtexit.o
        10          0          0          0          0          0   rtexit2.o
       128          0          0          0          0         68   strcmpv7m.o
       150          0          0          0          0         80   strncmp.o
        12          4          0          0          0         68   sys_exit.o
        74          0          0          0          0         80   sys_stackheap_outer.o
         2          0          0          0          0         68   use_no_semi.o
        36          4          0          0          0         76   vsprintf.o
        98          4          0          0          0         92   d2f.o
       834         16          0          0          0        372   daddsub_clz.o
        84          0          0          0          0        196   dcmp.o
        24          0          0          0          0         68   dcmpi.o
       696        140          0          0          0        216   ddiv.o
       120          4          0          0          0         92   deqf.o
        90          4          0          0          0         92   dfixu.o
        84          0          0          0          0        136   dflt_clz.o
       120          4          0          0          0         92   dgeqf.o
       120          4          0          0          0         92   dleqf.o
       340         12          0          0          0        104   dmul.o
       156          4          0          0          0         92   dnaninf.o
        12          0          0          0          0         68   dretinf.o
       108          0          0          0          0         80   drleqf.o
       180          4          0          0          0         80   drnd.o
        86          4          0          0          0         84   f2d.o
       140          4          0          0          0         84   fnaninf.o
        10          0          0          0          0         68   fretinf.o
         4          0          0          0          0         68   printf1.o
         4          0          0          0          0         68   printf2.o
         0          0          0          0          0          0   usenofp.o
        40          0          0          0          0         68   fpclassify.o
       148         12          0          0          0         88   round.o

    ----------------------------------------------------------------------
     10560        480        552          0         96       6452   Library Totals
        28          0          1          0          0          0   (incl. Padding)

    ----------------------------------------------------------------------

      Code (inc. data)   RO Data    RW Data    ZI Data      Debug   Library Name

      7034        264        551          0         96       4052   c_w.l
      3310        204          0          0          0       2244   fz_ws.l
       188         12          0          0          0        156   m_ws.l

    ----------------------------------------------------------------------
     10560        480        552          0         96       6452   Library Totals

    ----------------------------------------------------------------------

==============================================================================


      Code (inc. data)   RO Data    RW Data    ZI Data      Debug   

     18400        506       4112         44       2892      62448   Grand Totals
     18400        506       4112         44       2892      62448   ELF Image Totals
     18400        506       4112         44          0          0   ROM Totals

==============================================================================

    Total RO  Size (Code + RO Data)                22512 (  21.98kB)
    Total RW  Size (RW Data + ZI Data)              2936 (   2.87kB)
    Total ROM Size (Code + RO Data + RW Data)      22556 (  22.03kB)

==============================================================================

